
> agile_bots@1.0.0 test
> node --test test/**/*.js

Γ£ö test\helpers\behaviors_view_test_helper.js (1084.5174ms)
Γ£ö test\helpers\bot_view_test_helper.js (1098.8852ms)
Γ£ö test\helpers\html_assertions.js (1099.3678ms)
Γ£ö test\helpers\index.js (1099.3775ms)
Γ£ö test\helpers\instructions_view_test_helper.js (1090.2525ms)
Γ£ö test\helpers\mock_vscode.js (55.8349ms)
Γ£ö test\helpers\scope_view_test_helper.js (1082.7471ms)
[PanelView] Python process spawned
[PanelView] Executing command: "story_graph"
[PanelView] Using timeout: 30000ms for command: "story_graph"
[PanelView] First response chunk received, size: 65536
[PanelView] End marker found, response size: 641608
[PanelView] Parsing JSON response...
[PanelView] Command executed successfully, response keys: [ 'status', 'result' ]
[TEST] Initial epic count: 30
[PanelView] Executing command: "story_graph.create_epic name:"Test Epic Creation""
[PanelView] Using timeout: 30000ms for command: "story_graph.create_epic name:"Test Epic Creation""
[PanelView] Python stderr: [DomainNavigator] ValueError calling create_epic: Epic with name 'Test Epic Creation' already exists

[PanelView] End marker found, response size: 97
[PanelView] Parsing JSON response...
[PanelView] Command executed successfully, response keys: [ 'status', 'message' ]
[TEST] Create epic response: commandError
[TEST] Backend command failed, skipping state validation (known backend bug)
[PanelView] Executing command: "story_graph.create_epic name:"Duplicate Epic Test""
[PanelView] Using timeout: 30000ms for command: "story_graph.create_epic name:"Duplicate Epic Test""
Γû╢ TestCreateEpic
  Γ£ö test_create_epic_validates_and_adds_to_graph (446.54ms)
[PanelView] Python stderr: [DomainNavigator] ValueError calling create_epic: Epic with name 'Duplicate Epic Test' already exists

[PanelView] End marker found, response size: 98
[PanelView] Parsing JSON response...
[PanelView] Command executed successfully, response keys: [ 'status', 'message' ]
[TEST] First create response: commandError
[TEST] First create failed (known backend bug), skipping duplicate test
  Γ£ö test_create_epic_duplicate_name_shows_error (1.0204ms)
[PanelView] Executing command: "story_graph"
[PanelView] Using timeout: 30000ms for command: "story_graph"
[PanelView] End marker found, response size: 641610
[PanelView] Parsing JSON response...
[PanelView] Command executed successfully, response keys: [ 'status', 'result' ]
[PanelView] Executing command: "story_graph.create_epic name:"""
[PanelView] Using timeout: 30000ms for command: "story_graph.create_epic name:"""
[PanelView] Python stderr: [DomainNavigator] ValueError calling create_epic: Epic name cannot be empty

[PanelView] End marker found, response size: 72
[PanelView] Parsing JSON response...
[PanelView] Command executed successfully, response keys: [ 'status', 'message' ]
[PanelView] Executing command: "story_graph"
[PanelView] Using timeout: 30000ms for command: "story_graph"
[PanelView] End marker found, response size: 641610
[PanelView] Parsing JSON response...
[PanelView] Command executed successfully, response keys: [ 'status', 'result' ]
[PanelView] Executing command: "story_graph.create_epic name:"Parent Validation Epic""
[PanelView] Using timeout: 30000ms for command: "story_graph.create_epic name:"Parent Validation Epic""
  Γ£ö test_create_epic_validates_empty_name (151.184ms)
Γ£ö TestCreateEpic (599.8686ms)
[PanelView] Python stderr: [DomainNavigator] ValueError calling create_epic: Epic with name 'Parent Validation Epic' already exists

[PanelView] End marker found, response size: 101
[PanelView] Parsing JSON response...
[PanelView] Command executed successfully, response keys: [ 'status', 'message' ]
[TEST] Create epic failed (known backend bug), skipping test
Γû╢ TestCreateChildStoryNodeUnderParent
  Γ£ö test_create_child_validates_parent_exists (0.9796ms)
[PanelView] Executing command: "story_graph"
[PanelView] Using timeout: 30000ms for command: "story_graph"
[PanelView] End marker found, response size: 641610
[PanelView] Parsing JSON response...
[PanelView] Command executed successfully, response keys: [ 'status', 'result' ]
[PanelView] Executing command: "story_graph."NonExistentParent123".create_sub_epic name:"Child""
[PanelView] Using timeout: 30000ms for command: "story_graph."NonExistentParent123".create_sub_epic name:"Child""
[PanelView] End marker found, response size: 95
[PanelView] Parsing JSON response...
[PanelView] Command executed successfully, response keys: [ 'status', 'message' ]
[PanelView] Executing command: "story_graph"
[PanelView] Using timeout: 30000ms for command: "story_graph"
[PanelView] End marker found, response size: 641610
[PanelView] Parsing JSON response...
[PanelView] Command executed successfully, response keys: [ 'status', 'result' ]
[PanelView] Executing command: "story_graph.create_epic name:"DuplicateTestEpic""
[PanelView] Using timeout: 30000ms for command: "story_graph.create_epic name:"DuplicateTestEpic""
  Γ£ö test_create_child_returns_error_for_nonexistent_parent (154.8887ms)
[PanelView] Python stderr: [DomainNavigator] ValueError calling create_epic: Epic with name 'DuplicateTestEpic' already exists

[PanelView] End marker found, response size: 96
[PanelView] Parsing JSON response...
[PanelView] Command executed successfully, response keys: [ 'status', 'message' ]
[PanelView] Executing command: "story_graph."DuplicateTestEpic".create name:"Child1""
[PanelView] Using timeout: 30000ms for command: "story_graph."DuplicateTestEpic".create name:"Child1""
[PanelView] Python stderr: [DomainNavigator] ValueError calling create: Child with name 'Child1' already exists

[PanelView] End marker found, response size: 86
[PanelView] Parsing JSON response...
[PanelView] Command executed successfully, response keys: [ 'status', 'message' ]
[TEST] Setup failed (known backend bug), skipping duplicate validation
[PanelView] Executing command: "story_graph.create_epic name:"OrderTestEpic""
[PanelView] Using timeout: 30000ms for command: "story_graph.create_epic name:"OrderTestEpic""
  Γ£ö test_create_child_rejects_duplicate_name (1.1037ms)
[PanelView] Python stderr: [DomainNavigator] ValueError calling create_epic: Epic with name 'OrderTestEpic' already exists

[PanelView] End marker found, response size: 92
[PanelView] Parsing JSON response...
[PanelView] Command executed successfully, response keys: [ 'status', 'message' ]
[TEST] Epic creation failed (known backend bug), skipping test
[PanelView] Executing command: "story_graph.create_epic name:"Epic Button Test""
[PanelView] Using timeout: 30000ms for command: "story_graph.create_epic name:"Epic Button Test""
  Γ£ö test_create_child_preserves_sibling_order (0.6098ms)
[PanelView] Python stderr: [DomainNavigator] ValueError calling create_epic: Epic with name 'Epic Button Test' already exists

[PanelView] End marker found, response size: 95
[PanelView] Parsing JSON response...
[PanelView] Command executed successfully, response keys: [ 'status', 'message' ]
[PanelView] Executing command: "story_graph"
[PanelView] Using timeout: 30000ms for command: "story_graph"
[PanelView] End marker found, response size: 641610
[PanelView] Parsing JSON response...
[PanelView] Command executed successfully, response keys: [ 'status', 'result' ]
[PanelView] Executing command: "story_graph."Epic Button Test".create_sub_epic name:"SubEpic1""
[PanelView] Using timeout: 30000ms for command: "story_graph."Epic Button Test".create_sub_epic name:"SubEpic1""
[PanelView] Python stderr: [DomainNavigator] ValueError calling create_sub_epic: Child with name 'SubEpic1' already exists

[PanelView] End marker found, response size: 88
[PanelView] Parsing JSON response...
[PanelView] Command executed successfully, response keys: [ 'status', 'message' ]
[PanelView] Executing command: "story_graph"
[PanelView] Using timeout: 30000ms for command: "story_graph"
[PanelView] End marker found, response size: 641610
[PanelView] Parsing JSON response...
[PanelView] Command executed successfully, response keys: [ 'status', 'result' ]
[PanelView] Executing command: "story_graph.create_epic name:"Empty SubEpic Test Epic""
[PanelView] Using timeout: 30000ms for command: "story_graph.create_epic name:"Empty SubEpic Test Epic""
  Γ£ö test_epic_can_create_sub_epic_children (153.3663ms)
[PanelView] Python stderr: [DomainNavigator] ValueError calling create_epic: Epic with name 'Empty SubEpic Test Epic' already exists

[PanelView] End marker found, response size: 102
[PanelView] Parsing JSON response...
[PanelView] Command executed successfully, response keys: [ 'status', 'message' ]
[PanelView] Executing command: "story_graph."Empty SubEpic Test Epic".create_sub_epic name:"Empty SubEpic""
[PanelView] Using timeout: 30000ms for command: "story_graph."Empty SubEpic Test Epic".create_sub_epic name:"Empty SubEpic""
[PanelView] Python stderr: [DomainNavigator] ValueError calling create_sub_epic: Child with name 'Empty SubEpic' already exists

[PanelView] End marker found, response size: 93
[PanelView] Parsing JSON response...
[PanelView] Command executed successfully, response keys: [ 'status', 'message' ]
[PanelView] Executing command: "story_graph"
[PanelView] Using timeout: 30000ms for command: "story_graph"
[PanelView] End marker found, response size: 641610
[PanelView] Parsing JSON response...
[PanelView] Command executed successfully, response keys: [ 'status', 'result' ]
[PanelView] Executing command: "story_graph."Empty SubEpic Test Epic"."Empty SubEpic".create_story name:"Story1""
[PanelView] Using timeout: 30000ms for command: "story_graph."Empty SubEpic Test Epic"."Empty SubEpic".create_story name:"Story1""
[PanelView] Python stderr: [DomainNavigator] ValueError calling create_story: Child with name 'Story1' already exists

[PanelView] End marker found, response size: 86
[PanelView] Parsing JSON response...
[PanelView] Command executed successfully, response keys: [ 'status', 'message' ]
[PanelView] Executing command: "story_graph"
[PanelView] Using timeout: 30000ms for command: "story_graph"
[PanelView] End marker found, response size: 641610
[PanelView] Parsing JSON response...
[PanelView] Command executed successfully, response keys: [ 'status', 'result' ]
[PanelView] Executing command: "story_graph.create_epic name:"Hierarchy Test Epic""
[PanelView] Using timeout: 30000ms for command: "story_graph.create_epic name:"Hierarchy Test Epic""
  Γ£û test_empty_subepic_can_create_both_types (156.3893ms)
[PanelView] Python stderr: [DomainNavigator] ValueError calling create_epic: Epic with name 'Hierarchy Test Epic' already exists

[PanelView] End marker found, response size: 98
[PanelView] Parsing JSON response...
[PanelView] Command executed successfully, response keys: [ 'status', 'message' ]
[PanelView] Executing command: "story_graph."Hierarchy Test Epic".create_sub_epic name:"Parent SubEpic""
[PanelView] Using timeout: 30000ms for command: "story_graph."Hierarchy Test Epic".create_sub_epic name:"Parent SubEpic""
[PanelView] Python stderr: [DomainNavigator] ValueError calling create_sub_epic: Child with name 'Parent SubEpic' already exists

[PanelView] End marker found, response size: 94
[PanelView] Parsing JSON response...
[PanelView] Command executed successfully, response keys: [ 'status', 'message' ]
[PanelView] Executing command: "story_graph."Hierarchy Test Epic"."Parent SubEpic".create_sub_epic name:"Child SubEpic""
[PanelView] Using timeout: 30000ms for command: "story_graph."Hierarchy Test Epic"."Parent SubEpic".create_sub_epic name:"Child SubEpic""
[PanelView] Python stderr: [DomainNavigator] ValueError calling create_sub_epic: Child with name 'Child SubEpic' already exists

[PanelView] End marker found, response size: 93
[PanelView] Parsing JSON response...
[PanelView] Command executed successfully, response keys: [ 'status', 'message' ]
[PanelView] Executing command: "story_graph"
[PanelView] Using timeout: 30000ms for command: "story_graph"
[PanelView] End marker found, response size: 641610
[PanelView] Parsing JSON response...
[PanelView] Command executed successfully, response keys: [ 'status', 'result' ]
[PanelView] Executing command: "story_graph.create_epic name:"Story Hierarchy Test""
[PanelView] Using timeout: 30000ms for command: "story_graph.create_epic name:"Story Hierarchy Test""
  Γ£û test_subepic_with_subepics_can_only_create_subepics (77.3685ms)
[PanelView] Python stderr: [DomainNavigator] ValueError calling create_epic: Epic with name 'Story Hierarchy Test' already exists

[PanelView] End marker found, response size: 99
[PanelView] Parsing JSON response...
[PanelView] Command executed successfully, response keys: [ 'status', 'message' ]
[PanelView] Executing command: "story_graph."Story Hierarchy Test".create_sub_epic name:"SubEpic With Stories""
[PanelView] Using timeout: 30000ms for command: "story_graph."Story Hierarchy Test".create_sub_epic name:"SubEpic With Stories""
[PanelView] Python stderr: [DomainNavigator] ValueError calling create_sub_epic: Child with name 'SubEpic With Stories' already exists

[PanelView] End marker found, response size: 100
[PanelView] Parsing JSON response...
[PanelView] Command executed successfully, response keys: [ 'status', 'message' ]
[PanelView] Executing command: "story_graph."Story Hierarchy Test"."SubEpic With Stories".create_story name:"Story1""
[PanelView] Using timeout: 30000ms for command: "story_graph."Story Hierarchy Test"."SubEpic With Stories".create_story name:"Story1""
[PanelView] Python stderr: [DomainNavigator] ValueError calling create_story: Child with name 'Story1' already exists

[PanelView] End marker found, response size: 86
[PanelView] Parsing JSON response...
[PanelView] Command executed successfully, response keys: [ 'status', 'message' ]
[PanelView] Executing command: "story_graph"
[PanelView] Using timeout: 30000ms for command: "story_graph"
[PanelView] End marker found, response size: 641610
[PanelView] Parsing JSON response...
[PanelView] Command executed successfully, response keys: [ 'status', 'result' ]
[PanelView] Executing command: "story_graph.create_epic name:"Scenario Test Epic""
[PanelView] Using timeout: 30000ms for command: "story_graph.create_epic name:"Scenario Test Epic""
  Γ£û test_subepic_with_stories_can_only_create_stories (80.6076ms)
[PanelView] Python stderr: [DomainNavigator] ValueError calling create_epic: Epic with name 'Scenario Test Epic' already exists

[PanelView] End marker found, response size: 97
[PanelView] Parsing JSON response...
[PanelView] Command executed successfully, response keys: [ 'status', 'message' ]
[PanelView] Executing command: "story_graph."Scenario Test Epic".create_sub_epic name:"Scenario SubEpic""
[PanelView] Using timeout: 30000ms for command: "story_graph."Scenario Test Epic".create_sub_epic name:"Scenario SubEpic""
[PanelView] Python stderr: [DomainNavigator] ValueError calling create_sub_epic: Child with name 'Scenario SubEpic' already exists

[PanelView] End marker found, response size: 96
[PanelView] Parsing JSON response...
[PanelView] Command executed successfully, response keys: [ 'status', 'message' ]
[PanelView] Executing command: "story_graph."Scenario Test Epic"."Scenario SubEpic".create_story name:"Test Story""
[PanelView] Using timeout: 30000ms for command: "story_graph."Scenario Test Epic"."Scenario SubEpic".create_story name:"Test Story""
[PanelView] Python stderr: [DomainNavigator] ValueError calling create_story: Child with name 'Test Story' already exists

[PanelView] End marker found, response size: 90
[PanelView] Parsing JSON response...
[PanelView] Command executed successfully, response keys: [ 'status', 'message' ]
[PanelView] Executing command: "story_graph"
[PanelView] Using timeout: 30000ms for command: "story_graph"
[PanelView] End marker found, response size: 641610
[PanelView] Parsing JSON response...
[PanelView] Command executed successfully, response keys: [ 'status', 'result' ]
[PanelView] Executing command: "story_graph.create_epic name:"Auto Name Test""
[PanelView] Using timeout: 30000ms for command: "story_graph.create_epic name:"Auto Name Test""
  Γ£û test_story_can_create_scenario_children (73.9654ms)
[PanelView] Python stderr: [DomainNavigator] ValueError calling create_epic: Epic with name 'Auto Name Test' already exists

[PanelView] End marker found, response size: 93
[PanelView] Parsing JSON response...
[PanelView] Command executed successfully, response keys: [ 'status', 'message' ]
[PanelView] Executing command: "story_graph."Auto Name Test".create_sub_epic name:"First""
[PanelView] Using timeout: 30000ms for command: "story_graph."Auto Name Test".create_sub_epic name:"First""
[PanelView] Python stderr: [DomainNavigator] ValueError calling create_sub_epic: Child with name 'First' already exists

[PanelView] End marker found, response size: 85
[PanelView] Parsing JSON response...
[PanelView] Command executed successfully, response keys: [ 'status', 'message' ]
[PanelView] Executing command: "story_graph."Auto Name Test".create_sub_epic name:"Second""
[PanelView] Using timeout: 30000ms for command: "story_graph."Auto Name Test".create_sub_epic name:"Second""
[PanelView] Python stderr: [DomainNavigator] ValueError calling create_sub_epic: Child with name 'Second' already exists

[PanelView] End marker found, response size: 86
[PanelView] Parsing JSON response...
[PanelView] Command executed successfully, response keys: [ 'status', 'message' ]
[PanelView] Executing command: "story_graph"
[PanelView] Using timeout: 30000ms for command: "story_graph"
[PanelView] End marker found, response size: 641610
[PanelView] Parsing JSON response...
[PanelView] Command executed successfully, response keys: [ 'status', 'result' ]
[PanelView] Executing command: "story_graph.create_epic name:"Duplicate Sibling Test""
[PanelView] Using timeout: 30000ms for command: "story_graph.create_epic name:"Duplicate Sibling Test""
  Γ£û test_create_child_with_auto_generated_name (78.5451ms)
[PanelView] Python stderr: [DomainNavigator] ValueError calling create_epic: Epic with name 'Duplicate Sibling Test' already exists

[PanelView] End marker found, response size: 101
[PanelView] Parsing JSON response...
[PanelView] Command executed successfully, response keys: [ 'status', 'message' ]
[PanelView] Executing command: "story_graph."Duplicate Sibling Test".create_sub_epic name:"Existing Child""
[PanelView] Using timeout: 30000ms for command: "story_graph."Duplicate Sibling Test".create_sub_epic name:"Existing Child""
[PanelView] Python stderr: [DomainNavigator] ValueError calling create_sub_epic: Child with name 'Existing Child' already exists

[PanelView] End marker found, response size: 94
[PanelView] Parsing JSON response...
[PanelView] Command executed successfully, response keys: [ 'status', 'message' ]
[PanelView] Executing command: "story_graph"
[PanelView] Using timeout: 30000ms for command: "story_graph"
[PanelView] End marker found, response size: 641610
[PanelView] Parsing JSON response...
[PanelView] Command executed successfully, response keys: [ 'status', 'result' ]
[PanelView] Executing command: "story_graph."Duplicate Sibling Test".create_sub_epic name:"Existing Child""
[PanelView] Using timeout: 30000ms for command: "story_graph."Duplicate Sibling Test".create_sub_epic name:"Existing Child""
[PanelView] Python stderr: [DomainNavigator] ValueError calling create_sub_epic: Child with name 'Existing Child' already exists

[PanelView] End marker found, response size: 94
[PanelView] Parsing JSON response...
[PanelView] Command executed successfully, response keys: [ 'status', 'message' ]
[PanelView] Executing command: "story_graph"
[PanelView] Using timeout: 30000ms for command: "story_graph"
[PanelView] End marker found, response size: 641610
[PanelView] Parsing JSON response...
[PanelView] Command executed successfully, response keys: [ 'status', 'result' ]
[PanelView] Executing command: "story_graph.create_epic name:"Rename Test Epic""
[PanelView] Using timeout: 30000ms for command: "story_graph.create_epic name:"Rename Test Epic""
  Γ£ö test_duplicate_sibling_name_validation (156.8054ms)
Γ£û TestCreateChildStoryNodeUnderParent (936.2247ms)
[PanelView] Python stderr: [DomainNavigator] ValueError calling create_epic: Epic with name 'Rename Test Epic' already exists

[PanelView] End marker found, response size: 95
[PanelView] Parsing JSON response...
[PanelView] Command executed successfully, response keys: [ 'status', 'message' ]
[PanelView] Executing command: "story_graph."Rename Test Epic".create_sub_epic name:"Original Name""
[PanelView] Using timeout: 30000ms for command: "story_graph."Rename Test Epic".create_sub_epic name:"Original Name""
[PanelView] Python stderr: [DomainNavigator] ValueError calling create_sub_epic: Child with name 'Original Name' already exists

[PanelView] End marker found, response size: 93
[PanelView] Parsing JSON response...
[PanelView] Command executed successfully, response keys: [ 'status', 'message' ]
[PanelView] Executing command: "story_graph"
[PanelView] Using timeout: 30000ms for command: "story_graph"
[PanelView] End marker found, response size: 641610
[PanelView] Parsing JSON response...
[PanelView] Command executed successfully, response keys: [ 'status', 'result' ]
[PanelView] Executing command: "story_graph.create_epic name:"Valid Rename Epic""
[PanelView] Using timeout: 30000ms for command: "story_graph.create_epic name:"Valid Rename Epic""
Γû╢ TestUpdateStoryNodename
  Γ£û test_rename_node_updates_graph (74.9899ms)
[PanelView] Python stderr: [DomainNavigator] ValueError calling create_epic: Epic with name 'Valid Rename Epic' already exists

[PanelView] End marker found, response size: 96
[PanelView] Parsing JSON response...
[PanelView] Command executed successfully, response keys: [ 'status', 'message' ]
[PanelView] Executing command: "story_graph."Valid Rename Epic".create_sub_epic name:"Old SubEpic Name""
[PanelView] Using timeout: 30000ms for command: "story_graph."Valid Rename Epic".create_sub_epic name:"Old SubEpic Name""
[PanelView] Python stderr: [DomainNavigator] ValueError calling create_sub_epic: Child with name 'Old SubEpic Name' already exists

[PanelView] End marker found, response size: 96
[PanelView] Parsing JSON response...
[PanelView] Command executed successfully, response keys: [ 'status', 'message' ]
[PanelView] Executing command: "story_graph"
[PanelView] Using timeout: 30000ms for command: "story_graph"
[PanelView] End marker found, response size: 641610
[PanelView] Parsing JSON response...
[PanelView] Command executed successfully, response keys: [ 'status', 'result' ]
[PanelView] Executing command: "story_graph."Valid Rename Epic"."Old SubEpic Name".rename."New SubEpic Name""
[PanelView] Using timeout: 30000ms for command: "story_graph."Valid Rename Epic"."Old SubEpic Name".rename."New SubEpic Name""
[PanelView] End marker found, response size: 100
[PanelView] Parsing JSON response...
[PanelView] Command executed successfully, response keys: [ 'status', 'message' ]
[PanelView] Executing command: "story_graph"
[PanelView] Using timeout: 30000ms for command: "story_graph"
[PanelView] End marker found, response size: 641610
[PanelView] Parsing JSON response...
[PanelView] Command executed successfully, response keys: [ 'status', 'result' ]
[PanelView] Executing command: "story_graph.create_epic name:"Empty Name Test Epic""
[PanelView] Using timeout: 30000ms for command: "story_graph.create_epic name:"Empty Name Test Epic""
  Γ£û test_user_renames_node_with_valid_name (157.1178ms)
[PanelView] Python stderr: [DomainNavigator] ValueError calling create_epic: Epic with name 'Empty Name Test Epic' already exists

[PanelView] End marker found, response size: 99
[PanelView] Parsing JSON response...
[PanelView] Command executed successfully, response keys: [ 'status', 'message' ]
[PanelView] Executing command: "story_graph."Empty Name Test Epic".create_sub_epic name:"Valid Name""
[PanelView] Using timeout: 30000ms for command: "story_graph."Empty Name Test Epic".create_sub_epic name:"Valid Name""
[PanelView] Python stderr: [DomainNavigator] ValueError calling create_sub_epic: Child with name 'Valid Name' already exists

[PanelView] End marker found, response size: 90
[PanelView] Parsing JSON response...
[PanelView] Command executed successfully, response keys: [ 'status', 'message' ]
[PanelView] Executing command: "story_graph"
[PanelView] Using timeout: 30000ms for command: "story_graph"
[PanelView] End marker found, response size: 641610
[PanelView] Parsing JSON response...
[PanelView] Command executed successfully, response keys: [ 'status', 'result' ]
[PanelView] Executing command: "story_graph."Empty Name Test Epic"."Valid Name".rename."""
[PanelView] Using timeout: 30000ms for command: "story_graph."Empty Name Test Epic"."Valid Name".rename."""
[PanelView] Python stderr: [DomainNavigator] ValueError calling rename: Node name cannot be empty

[PanelView] End marker found, response size: 72
[PanelView] Parsing JSON response...
[PanelView] Command executed successfully, response keys: [ 'status', 'message' ]
[PanelView] Executing command: "story_graph"
[PanelView] Using timeout: 30000ms for command: "story_graph"
[PanelView] End marker found, response size: 641610
[PanelView] Parsing JSON response...
[PanelView] Command executed successfully, response keys: [ 'status', 'result' ]
[PanelView] Executing command: "story_graph.create_epic name:"Duplicate Rename Test""
[PanelView] Using timeout: 30000ms for command: "story_graph.create_epic name:"Duplicate Rename Test""
  Γ£ö test_rename_empty_name_validation_error (142.3336ms)
[PanelView] Python stderr: [DomainNavigator] ValueError calling create_epic: Epic with name 'Duplicate Rename Test' already exists

[PanelView] End marker found, response size: 100
[PanelView] Parsing JSON response...
[PanelView] Command executed successfully, response keys: [ 'status', 'message' ]
[PanelView] Executing command: "story_graph."Duplicate Rename Test".create_sub_epic name:"Authentication""
[PanelView] Using timeout: 30000ms for command: "story_graph."Duplicate Rename Test".create_sub_epic name:"Authentication""
[PanelView] Python stderr: [DomainNavigator] ValueError calling create_sub_epic: Child with name 'Authentication' already exists

[PanelView] End marker found, response size: 94
[PanelView] Parsing JSON response...
[PanelView] Command executed successfully, response keys: [ 'status', 'message' ]
[PanelView] Executing command: "story_graph."Duplicate Rename Test".create_sub_epic name:"Authorization""
[PanelView] Using timeout: 30000ms for command: "story_graph."Duplicate Rename Test".create_sub_epic name:"Authorization""
[PanelView] Python stderr: [DomainNavigator] ValueError calling create_sub_epic: Child with name 'Authorization' already exists

[PanelView] End marker found, response size: 93
[PanelView] Parsing JSON response...
[PanelView] Command executed successfully, response keys: [ 'status', 'message' ]
[PanelView] Executing command: "story_graph"
[PanelView] Using timeout: 30000ms for command: "story_graph"
[PanelView] End marker found, response size: 641610
[PanelView] Parsing JSON response...
[PanelView] Command executed successfully, response keys: [ 'status', 'result' ]
[PanelView] Executing command: "story_graph."Duplicate Rename Test"."Authorization".rename."Authentication""
[PanelView] Using timeout: 30000ms for command: "story_graph."Duplicate Rename Test"."Authorization".rename."Authentication""
[PanelView] End marker found, response size: 98
[PanelView] Parsing JSON response...
[PanelView] Command executed successfully, response keys: [ 'status', 'message' ]
[PanelView] Executing command: "story_graph"
[PanelView] Using timeout: 30000ms for command: "story_graph"
[PanelView] End marker found, response size: 641610
[PanelView] Parsing JSON response...
[PanelView] Command executed successfully, response keys: [ 'status', 'result' ]
[PanelView] Executing command: "story_graph.create_epic name:"Invalid Chars Test""
[PanelView] Using timeout: 30000ms for command: "story_graph.create_epic name:"Invalid Chars Test""
  Γ£ö test_rename_duplicate_sibling_validation_error (158.6971ms)
[PanelView] Python stderr: [DomainNavigator] ValueError calling create_epic: Epic with name 'Invalid Chars Test' already exists

[PanelView] End marker found, response size: 97
[PanelView] Parsing JSON response...
[PanelView] Command executed successfully, response keys: [ 'status', 'message' ]
[PanelView] Executing command: "story_graph."Invalid Chars Test".create_sub_epic name:"Valid Name""
[PanelView] Using timeout: 30000ms for command: "story_graph."Invalid Chars Test".create_sub_epic name:"Valid Name""
[PanelView] Python stderr: [DomainNavigator] ValueError calling create_sub_epic: Child with name 'Valid Name' already exists

[PanelView] End marker found, response size: 90
[PanelView] Parsing JSON response...
[PanelView] Command executed successfully, response keys: [ 'status', 'message' ]
[PanelView] Executing command: "story_graph"
[PanelView] Using timeout: 30000ms for command: "story_graph"
[PanelView] End marker found, response size: 641610
[PanelView] Parsing JSON response...
[PanelView] Command executed successfully, response keys: [ 'status', 'result' ]
[PanelView] Executing command: "story_graph."Invalid Chars Test"."Valid Name".rename."Invalid<>Name""
[PanelView] Using timeout: 30000ms for command: "story_graph."Invalid Chars Test"."Valid Name".rename."Invalid<>Name""
[PanelView] End marker found, response size: 85
[PanelView] Parsing JSON response...
[PanelView] Command executed successfully, response keys: [ 'status', 'message' ]
[PanelView] Executing command: "story_graph"
[PanelView] Using timeout: 30000ms for command: "story_graph"
[PanelView] End marker found, response size: 641610
[PanelView] Parsing JSON response...
[PanelView] Command executed successfully, response keys: [ 'status', 'result' ]
[PanelView] Executing command: "story_graph.create_epic name:"Cancel Rename Test""
[PanelView] Using timeout: 30000ms for command: "story_graph.create_epic name:"Cancel Rename Test""
  Γ£ö test_rename_invalid_characters_validation (135.6352ms)
[PanelView] Python stderr: [DomainNavigator] ValueError calling create_epic: Epic with name 'Cancel Rename Test' already exists

[PanelView] Python stderr: [DomainNavigator] ValueError calling create_sub_epic: Child with name 'Original Name Preserved' already exists

[PanelView] End marker found, response size: 97
[PanelView] Parsing JSON response...
[PanelView] Command executed successfully, response keys: [ 'status', 'message' ]
[PanelView] Executing command: "story_graph."Cancel Rename Test".create_sub_epic name:"Original Name Preserved""
[PanelView] Using timeout: 30000ms for command: "story_graph."Cancel Rename Test".create_sub_epic name:"Original Name Preserved""
[PanelView] End marker found, response size: 103
[PanelView] Parsing JSON response...
[PanelView] Command executed successfully, response keys: [ 'status', 'message' ]
[PanelView] Executing command: "story_graph"
[PanelView] Using timeout: 30000ms for command: "story_graph"
[PanelView] End marker found, response size: 641610
[PanelView] Parsing JSON response...
[PanelView] Command executed successfully, response keys: [ 'status', 'result' ]
[PanelView] Executing command: "story_graph"
[PanelView] Using timeout: 30000ms for command: "story_graph"
[PanelView] End marker found, response size: 641610
[PanelView] Parsing JSON response...
[PanelView] Command executed successfully, response keys: [ 'status', 'result' ]
[PanelView] Executing command: "story_graph.create_epic name:"Source Epic""
[PanelView] Using timeout: 30000ms for command: "story_graph.create_epic name:"Source Epic""
  Γ£ö test_cancel_rename_preserves_original_name (131.0491ms)
Γ£û TestUpdateStoryNodename (800.6078ms)
[PanelView] Python stderr: [DomainNavigator] ValueError calling create_epic: Epic with name 'Source Epic' already exists

[PanelView] End marker found, response size: 90
[PanelView] Parsing JSON response...
[PanelView] Command executed successfully, response keys: [ 'status', 'message' ]
[PanelView] Executing command: "story_graph."Source Epic".create_sub_epic name:"SubEpic To Move""
[PanelView] Using timeout: 30000ms for command: "story_graph."Source Epic".create_sub_epic name:"SubEpic To Move""
[PanelView] Python stderr: [DomainNavigator] ValueError calling create_sub_epic: Child with name 'SubEpic To Move' already exists

[PanelView] End marker found, response size: 95
[PanelView] Parsing JSON response...
[PanelView] Command executed successfully, response keys: [ 'status', 'message' ]
[PanelView] Executing command: "story_graph.create_epic name:"Target Epic""
[PanelView] Using timeout: 30000ms for command: "story_graph.create_epic name:"Target Epic""
[PanelView] Python stderr: [DomainNavigator] ValueError calling create_epic: Epic with name 'Target Epic' already exists

[PanelView] End marker found, response size: 90
[PanelView] Parsing JSON response...
[PanelView] Command executed successfully, response keys: [ 'status', 'message' ]
[PanelView] Executing command: "story_graph"
[PanelView] Using timeout: 30000ms for command: "story_graph"
[PanelView] End marker found, response size: 641610
[PanelView] Parsing JSON response...
[PanelView] Command executed successfully, response keys: [ 'status', 'result' ]
[PanelView] Executing command: "story_graph.create_epic name:"Type Validation Epic""
[PanelView] Using timeout: 30000ms for command: "story_graph.create_epic name:"Type Validation Epic""
Γû╢ TestMoveStoryNode
  Γ£û test_move_node_to_different_parent (71.9412ms)
[PanelView] Python stderr: [DomainNavigator] ValueError calling create_epic: Epic with name 'Type Validation Epic' already exists

[PanelView] End marker found, response size: 99
[PanelView] Parsing JSON response...
[PanelView] Command executed successfully, response keys: [ 'status', 'message' ]
[PanelView] Executing command: "story_graph."Type Validation Epic".create_sub_epic name:"SubEpic Level 1""
[PanelView] Using timeout: 30000ms for command: "story_graph."Type Validation Epic".create_sub_epic name:"SubEpic Level 1""
[PanelView] Python stderr: [DomainNavigator] ValueError calling create_sub_epic: Child with name 'SubEpic Level 1' already exists

[PanelView] End marker found, response size: 95
[PanelView] Parsing JSON response...
[PanelView] Command executed successfully, response keys: [ 'status', 'message' ]
[PanelView] Executing command: "story_graph."Type Validation Epic"."SubEpic Level 1".create_sub_epic name:"SubEpic Level 2""
[PanelView] Using timeout: 30000ms for command: "story_graph."Type Validation Epic"."SubEpic Level 1".create_sub_epic name:"SubEpic Level 2""
[PanelView] Python stderr: [DomainNavigator] ValueError calling create_sub_epic: Child with name 'SubEpic Level 2' already exists

[PanelView] End marker found, response size: 95
[PanelView] Parsing JSON response...
[PanelView] Command executed successfully, response keys: [ 'status', 'message' ]
[PanelView] Executing command: "story_graph.create_epic name:"Valid Target Epic""
[PanelView] Using timeout: 30000ms for command: "story_graph.create_epic name:"Valid Target Epic""
[PanelView] Python stderr: [DomainNavigator] ValueError calling create_epic: Epic with name 'Valid Target Epic' already exists

[PanelView] End marker found, response size: 96
[PanelView] Parsing JSON response...
[PanelView] Command executed successfully, response keys: [ 'status', 'message' ]
[PanelView] Executing command: "story_graph"
[PanelView] Using timeout: 30000ms for command: "story_graph"
[PanelView] End marker found, response size: 641610
[PanelView] Parsing JSON response...
[PanelView] Command executed successfully, response keys: [ 'status', 'result' ]
[PanelView] Executing command: "story_graph."Type Validation Epic"."SubEpic Level 1"."SubEpic Level 2".move_to."Valid Target Epic""
[PanelView] Using timeout: 30000ms for command: "story_graph."Type Validation Epic"."SubEpic Level 1"."SubEpic Level 2".move_to."Valid Target Epic""
[PanelView] End marker found, response size: 117
[PanelView] Parsing JSON response...
[PanelView] Command executed successfully, response keys: [ 'status', 'message' ]
[PanelView] Executing command: "story_graph"
[PanelView] Using timeout: 30000ms for command: "story_graph"
[PanelView] End marker found, response size: 641610
[PanelView] Parsing JSON response...
[PanelView] Command executed successfully, response keys: [ 'status', 'result' ]
[PanelView] Executing command: "story_graph.create_epic name:"Incompatible Move Test""
[PanelView] Using timeout: 30000ms for command: "story_graph.create_epic name:"Incompatible Move Test""
  Γ£ö test_move_validates_target_accepts_node_type (153.4056ms)
[PanelView] Python stderr: [DomainNavigator] ValueError calling create_epic: Epic with name 'Incompatible Move Test' already exists

[PanelView] End marker found, response size: 101
[PanelView] Parsing JSON response...
[PanelView] Command executed successfully, response keys: [ 'status', 'message' ]
[PanelView] Executing command: "story_graph."Incompatible Move Test".create_sub_epic name:"Source SubEpic""
[PanelView] Using timeout: 30000ms for command: "story_graph."Incompatible Move Test".create_sub_epic name:"Source SubEpic""
[PanelView] Python stderr: [DomainNavigator] ValueError calling create_sub_epic: Child with name 'Source SubEpic' already exists

[PanelView] End marker found, response size: 94
[PanelView] Parsing JSON response...
[PanelView] Command executed successfully, response keys: [ 'status', 'message' ]
[PanelView] Executing command: "story_graph."Incompatible Move Test"."Source SubEpic".create_sub_epic name:"SubEpic To Move""
[PanelView] Using timeout: 30000ms for command: "story_graph."Incompatible Move Test"."Source SubEpic".create_sub_epic name:"SubEpic To Move""
[PanelView] Python stderr: [DomainNavigator] ValueError calling create_sub_epic: Child with name 'SubEpic To Move' already exists

[PanelView] End marker found, response size: 95
[PanelView] Parsing JSON response...
[PanelView] Command executed successfully, response keys: [ 'status', 'message' ]
[PanelView] Executing command: "story_graph."Incompatible Move Test".create_sub_epic name:"Target With Stories""
[PanelView] Using timeout: 30000ms for command: "story_graph."Incompatible Move Test".create_sub_epic name:"Target With Stories""
[PanelView] Python stderr: [DomainNavigator] ValueError calling create_sub_epic: Child with name 'Target With Stories' already exists

[PanelView] End marker found, response size: 99
[PanelView] Parsing JSON response...
[PanelView] Command executed successfully, response keys: [ 'status', 'message' ]
[PanelView] Executing command: "story_graph."Incompatible Move Test"."Target With Stories".create_story name:"Story1""
[PanelView] Using timeout: 30000ms for command: "story_graph."Incompatible Move Test"."Target With Stories".create_story name:"Story1""
[PanelView] Python stderr: [DomainNavigator] ValueError calling create_story: Child with name 'Story1' already exists

[PanelView] End marker found, response size: 86
[PanelView] Parsing JSON response...
[PanelView] Command executed successfully, response keys: [ 'status', 'message' ]
[PanelView] Executing command: "story_graph"
[PanelView] Using timeout: 30000ms for command: "story_graph"
[PanelView] End marker found, response size: 641610
[PanelView] Parsing JSON response...
[PanelView] Command executed successfully, response keys: [ 'status', 'result' ]
[PanelView] Executing command: "story_graph.create_epic name:"Reorder Test Epic""
[PanelView] Using timeout: 30000ms for command: "story_graph.create_epic name:"Reorder Test Epic""
[PanelView] Python stderr: [DomainNavigator] ValueError calling create_epic: Epic with name 'Reorder Test Epic' already exists

  Γ£û test_move_to_incompatible_parent_returns_error (78.1656ms)
[PanelView] End marker found, response size: 96
[PanelView] Parsing JSON response...
[PanelView] Command executed successfully, response keys: [ 'status', 'message' ]
[PanelView] Executing command: "story_graph."Reorder Test Epic".create_sub_epic name:"SubEpic A""
[PanelView] Using timeout: 30000ms for command: "story_graph."Reorder Test Epic".create_sub_epic name:"SubEpic A""
[PanelView] Python stderr: [DomainNavigator] ValueError calling create_sub_epic: Child with name 'SubEpic A' already exists

[PanelView] End marker found, response size: 89
[PanelView] Parsing JSON response...
[PanelView] Command executed successfully, response keys: [ 'status', 'message' ]
[PanelView] Executing command: "story_graph."Reorder Test Epic".create_sub_epic name:"SubEpic B""
[PanelView] Using timeout: 30000ms for command: "story_graph."Reorder Test Epic".create_sub_epic name:"SubEpic B""
[PanelView] Python stderr: [DomainNavigator] ValueError calling create_sub_epic: Child with name 'SubEpic B' already exists

[PanelView] End marker found, response size: 89
[PanelView] Parsing JSON response...
[PanelView] Command executed successfully, response keys: [ 'status', 'message' ]
[PanelView] Executing command: "story_graph."Reorder Test Epic".create_sub_epic name:"SubEpic C""
[PanelView] Using timeout: 30000ms for command: "story_graph."Reorder Test Epic".create_sub_epic name:"SubEpic C""
[PanelView] Python stderr: [DomainNavigator] ValueError calling create_sub_epic: Child with name 'SubEpic C' already exists

[PanelView] End marker found, response size: 89
[PanelView] Parsing JSON response...
[PanelView] Command executed successfully, response keys: [ 'status', 'message' ]
[PanelView] Executing command: "story_graph."Reorder Test Epic".create_sub_epic name:"SubEpic D""
[PanelView] Using timeout: 30000ms for command: "story_graph."Reorder Test Epic".create_sub_epic name:"SubEpic D""
[PanelView] Python stderr: [DomainNavigator] ValueError calling create_sub_epic: Child with name 'SubEpic D' already exists

[PanelView] End marker found, response size: 89
[PanelView] Parsing JSON response...
[PanelView] Command executed successfully, response keys: [ 'status', 'message' ]
[PanelView] Executing command: "story_graph"
[PanelView] Using timeout: 30000ms for command: "story_graph"
[PanelView] End marker found, response size: 641610
[PanelView] Parsing JSON response...
[PanelView] Command executed successfully, response keys: [ 'status', 'result' ]
[PanelView] Executing command: "story_graph."Reorder Test Epic"."SubEpic B".reorder.3"
[PanelView] Using timeout: 30000ms for command: "story_graph."Reorder Test Epic"."SubEpic B".reorder.3"
[PanelView] End marker found, response size: 81
[PanelView] Parsing JSON response...
[PanelView] Command executed successfully, response keys: [ 'status', 'message' ]
[PanelView] Executing command: "story_graph"
[PanelView] Using timeout: 30000ms for command: "story_graph"
[PanelView] End marker found, response size: 641610
[PanelView] Parsing JSON response...
[PanelView] Command executed successfully, response keys: [ 'status', 'result' ]
[PanelView] Executing command: "story_graph.create_epic name:"Circular Test Epic""
[PanelView] Using timeout: 30000ms for command: "story_graph.create_epic name:"Circular Test Epic""
  Γ£ö test_reorder_children_within_same_parent (158.5723ms)
[PanelView] Python stderr: [DomainNavigator] ValueError calling create_epic: Epic with name 'Circular Test Epic' already exists

[PanelView] End marker found, response size: 97
[PanelView] Parsing JSON response...
[PanelView] Command executed successfully, response keys: [ 'status', 'message' ]
[PanelView] Executing command: "story_graph."Circular Test Epic".create_sub_epic name:"Parent SubEpic""
[PanelView] Using timeout: 30000ms for command: "story_graph."Circular Test Epic".create_sub_epic name:"Parent SubEpic""
[PanelView] Python stderr: [DomainNavigator] ValueError calling create_sub_epic: Child with name 'Parent SubEpic' already exists

[PanelView] End marker found, response size: 94
[PanelView] Parsing JSON response...
[PanelView] Command executed successfully, response keys: [ 'status', 'message' ]
[PanelView] Executing command: "story_graph."Circular Test Epic"."Parent SubEpic".create_sub_epic name:"Child SubEpic""
[PanelView] Using timeout: 30000ms for command: "story_graph."Circular Test Epic"."Parent SubEpic".create_sub_epic name:"Child SubEpic""
[PanelView] Python stderr: [DomainNavigator] ValueError calling create_sub_epic: Child with name 'Child SubEpic' already exists

[PanelView] End marker found, response size: 93
[PanelView] Parsing JSON response...
[PanelView] Command executed successfully, response keys: [ 'status', 'message' ]
[PanelView] Executing command: "story_graph."Circular Test Epic"."Parent SubEpic"."Child SubEpic".create_sub_epic name:"Grandchild SubEpic""
[PanelView] Using timeout: 30000ms for command: "story_graph."Circular Test Epic"."Parent SubEpic"."Child SubEpic".create_sub_epic name:"Grandchild SubEpic""
[PanelView] Python stderr: [DomainNavigator] ValueError calling create_sub_epic: Child with name 'Grandchild SubEpic' already exists

[PanelView] End marker found, response size: 98
[PanelView] Parsing JSON response...
[PanelView] Command executed successfully, response keys: [ 'status', 'message' ]
[PanelView] Executing command: "story_graph"
[PanelView] Using timeout: 30000ms for command: "story_graph"
[PanelView] End marker found, response size: 641610
[PanelView] Parsing JSON response...
[PanelView] Command executed successfully, response keys: [ 'status', 'result' ]
[PanelView] Executing command: "story_graph."Circular Test Epic"."Parent SubEpic".move_to."Circular Test Epic"."Parent SubEpic"."Child SubEpic""
[PanelView] Using timeout: 30000ms for command: "story_graph."Circular Test Epic"."Parent SubEpic".move_to."Circular Test Epic"."Parent SubEpic"."Child SubEpic""
[PanelView] End marker found, response size: 117
[PanelView] Parsing JSON response...
[PanelView] Command executed successfully, response keys: [ 'status', 'message' ]
[PanelView] Executing command: "story_graph"
[PanelView] Using timeout: 30000ms for command: "story_graph"
[PanelView] End marker found, response size: 641610
[PanelView] Parsing JSON response...
[PanelView] Command executed successfully, response keys: [ 'status', 'result' ]
[PanelView] Executing command: "story_graph.create_epic name:"Action Test Epic""
[PanelView] Using timeout: 30000ms for command: "story_graph.create_epic name:"Action Test Epic""
  Γ£ö test_move_prevents_circular_reference (152.694ms)
Γ£û TestMoveStoryNode (615.4167ms)
[PanelView] Python stderr: [DomainNavigator] ValueError calling create_epic: Epic with name 'Action Test Epic' already exists

[PanelView] End marker found, response size: 95
[PanelView] Parsing JSON response...
[PanelView] Command executed successfully, response keys: [ 'status', 'message' ]
[PanelView] Executing command: "story_graph."Action Test Epic".create_sub_epic name:"Action SubEpic""
[PanelView] Using timeout: 30000ms for command: "story_graph."Action Test Epic".create_sub_epic name:"Action SubEpic""
[PanelView] Python stderr: [DomainNavigator] ValueError calling create_sub_epic: Child with name 'Action SubEpic' already exists

[PanelView] End marker found, response size: 94
[PanelView] Parsing JSON response...
[PanelView] Command executed successfully, response keys: [ 'status', 'message' ]
[PanelView] Executing command: "story_graph."Action Test Epic"."Action SubEpic".create_story name:"Target Story""
[PanelView] Using timeout: 30000ms for command: "story_graph."Action Test Epic"."Action SubEpic".create_story name:"Target Story""
[PanelView] Python stderr: [DomainNavigator] ValueError calling create_story: Child with name 'Target Story' already exists

[PanelView] End marker found, response size: 92
[PanelView] Parsing JSON response...
[PanelView] Command executed successfully, response keys: [ 'status', 'message' ]
[PanelView] Executing command: "story_graph"
[PanelView] Using timeout: 30000ms for command: "story_graph"
[PanelView] End marker found, response size: 641610
[PanelView] Parsing JSON response...
[PanelView] Command executed successfully, response keys: [ 'status', 'result' ]
[PanelView] Executing command: "story_graph.create_epic name:"Graph Modify Epic""
[PanelView] Using timeout: 30000ms for command: "story_graph.create_epic name:"Graph Modify Epic""
Γû╢ TestSubmitActionScopedToStoryScope
  Γ£û test_execute_action_on_story_node (62.4744ms)
[PanelView] Python stderr: [DomainNavigator] ValueError calling create_epic: Epic with name 'Graph Modify Epic' already exists

[PanelView] End marker found, response size: 96
[PanelView] Parsing JSON response...
[PanelView] Command executed successfully, response keys: [ 'status', 'message' ]
[PanelView] Executing command: "story_graph."Graph Modify Epic".create name:"Test SubEpic""
[PanelView] Using timeout: 30000ms for command: "story_graph."Graph Modify Epic".create name:"Test SubEpic""
[PanelView] Python stderr: [DomainNavigator] ValueError calling create: Child with name 'Test SubEpic' already exists

[PanelView] End marker found, response size: 92
[PanelView] Parsing JSON response...
[PanelView] Command executed successfully, response keys: [ 'status', 'message' ]
[PanelView] Executing command: "story_graph."Graph Modify Epic"."Test SubEpic".create_story name:"Create Scenarios""
[PanelView] Using timeout: 30000ms for command: "story_graph."Graph Modify Epic"."Test SubEpic".create_story name:"Create Scenarios""
[PanelView] Python stderr: [DomainNavigator] ValueError calling create_story: Child with name 'Create Scenarios' already exists

[PanelView] End marker found, response size: 96
[PanelView] Parsing JSON response...
[PanelView] Command executed successfully, response keys: [ 'status', 'message' ]
[PanelView] Executing command: "story_graph."Graph Modify Epic"."Test SubEpic"."Create Scenarios".create_scenario name:"New Scenario""
[PanelView] Using timeout: 30000ms for command: "story_graph."Graph Modify Epic"."Test SubEpic"."Create Scenarios".create_scenario name:"New Scenario""
[PanelView] Python stderr: [DomainNavigator] ValueError calling create_scenario: Child with name 'New Scenario' already exists

[PanelView] End marker found, response size: 92
[PanelView] Parsing JSON response...
[PanelView] Command executed successfully, response keys: [ 'status', 'message' ]
[PanelView] Executing command: "story_graph.create_epic name:"Graph Modify Epic""
[PanelView] Using timeout: 30000ms for command: "story_graph.create_epic name:"Graph Modify Epic""
  Γ£û test_user_clicks_action_button_and_executes (1.4601ms)
[PanelView] Python stderr: [DomainNavigator] ValueError calling create_epic: Epic with name 'Graph Modify Epic' already exists

[PanelView] End marker found, response size: 96
[PanelView] Parsing JSON response...
[PanelView] Command executed successfully, response keys: [ 'status', 'message' ]
[PanelView] Executing command: "story_graph."Graph Modify Epic".create_sub_epic name:"Modify SubEpic""
[PanelView] Using timeout: 30000ms for command: "story_graph."Graph Modify Epic".create_sub_epic name:"Modify SubEpic""
[PanelView] Python stderr: [DomainNavigator] ValueError calling create_sub_epic: Child with name 'Modify SubEpic' already exists

[PanelView] End marker found, response size: 94
[PanelView] Parsing JSON response...
[PanelView] Command executed successfully, response keys: [ 'status', 'message' ]
[PanelView] Executing command: "story_graph."Graph Modify Epic"."Modify SubEpic".create_story name:"Story With Action""
[PanelView] Using timeout: 30000ms for command: "story_graph."Graph Modify Epic"."Modify SubEpic".create_story name:"Story With Action""
[PanelView] Python stderr: [DomainNavigator] ValueError calling create_story: Child with name 'Story With Action' already exists

[PanelView] End marker found, response size: 97
[PanelView] Parsing JSON response...
[PanelView] Command executed successfully, response keys: [ 'status', 'message' ]
[PanelView] Executing command: "story_graph"
[PanelView] Using timeout: 30000ms for command: "story_graph"
[PanelView] End marker found, response size: 641610
[PanelView] Parsing JSON response...
[PanelView] Command executed successfully, response keys: [ 'status', 'result' ]
  Γ£û test_action_modifies_graph_and_returns_result (77.248ms)
Γ£û TestSubmitActionScopedToStoryScope (141.6439ms)
[PanelView] Executing command: "story_graph"
[PanelView] Using timeout: 30000ms for command: "story_graph"
[PanelView] End marker found, response size: 641610
[PanelView] Parsing JSON response...
[PanelView] Command executed successfully, response keys: [ 'status', 'result' ]
[PanelView] Executing command: "story_graph.create_epic name:"Externally Added Epic""
[PanelView] Using timeout: 30000ms for command: "story_graph.create_epic name:"Externally Added Epic""
[PanelView] Python stderr: [DomainNavigator] ValueError calling create_epic: Epic with name 'Externally Added Epic' already exists

[PanelView] End marker found, response size: 100
[PanelView] Parsing JSON response...
[PanelView] Command executed successfully, response keys: [ 'status', 'message' ]
[PanelView] Executing command: "story_graph"
[PanelView] Using timeout: 30000ms for command: "story_graph"
[PanelView] End marker found, response size: 641610
[PanelView] Parsing JSON response...
[PanelView] Command executed successfully, response keys: [ 'status', 'result' ]
Γû╢ TestAutomaticallyRefreshStoryGraphChanges
  Γ£û test_external_file_modification_detected (142.0214ms)
[PanelView] Executing command: "story_graph"
[PanelView] Using timeout: 30000ms for command: "story_graph"
[PanelView] End marker found, response size: 641610
[PanelView] Parsing JSON response...
[PanelView] Command executed successfully, response keys: [ 'status', 'result' ]
[PanelView] Executing command: "story_graph"
[PanelView] Using timeout: 30000ms for command: "story_graph"
[PanelView] End marker found, response size: 641610
[PanelView] Parsing JSON response...
[PanelView] Command executed successfully, response keys: [ 'status', 'result' ]
[PanelView] Killing Python process
  Γ£û test_invalid_graph_structure_handled_gracefully (139.7568ms)
Γ£û TestAutomaticallyRefreshStoryGraphChanges (282.0991ms)
[PanelView] Python process closed with code: null
Γû╢ TestDisplayStoryScopeHierarchy
  Γ£û test_panel_displays_scope_section (0.9973ms)
  Γ£û test_scope_has_filter_input (1.3471ms)
Γ£û TestDisplayStoryScopeHierarchy (3.1336ms)
Γû╢ TestFilterStoryScope
  Γ£û test_user_filters_scope_by_story_name (0.2401ms)
  Γ£û test_user_clears_story_scope_filter (0.25ms)
Γ£û TestFilterStoryScope (0.8287ms)
Γû╢ TestShowAllScopeThroughPanel
  Γ£û test_user_clicks_show_all_to_clear_filter (1.1229ms)
Γ£û TestShowAllScopeThroughPanel (1.3432ms)
Γû╢ TestOpenStoryFiles
  Γ£û test_story_graph_and_story_map_links_visible (0.3035ms)
Γ£û TestOpenStoryFiles (0.5893ms)
Γû╢ TestScopeView
  Γ£û testScopeSectionRenders (0.2306ms)
  Γ£û testScopeHasFilterInput (0.2813ms)
  Γ£û testScopeHasHeader (0.3121ms)
  Γ£û testScopeFilterCommand (0.2146ms)
  Γ£û testScopeClearFilter (0.1841ms)
  Γ£û testScopeShowAll (0.1729ms)
  Γ£û testScopeContentStructure (0.173ms)
  Γ£û testStoryLinksPresent (0.1711ms)
Γ£û TestScopeView (2.2577ms)
Γû╢ TestSetScopeToSelectedStoryNode
  Γ£û test_user_sets_scope_to_selected_epic (0.1686ms)
  Γ£û test_user_sets_scope_to_selected_sub_epic (0.1408ms)
  Γ£û test_user_sets_scope_to_selected_story (0.13ms)
  Γ£û test_user_attempts_to_set_scope_without_selecting_node (0.134ms)
Γ£û TestSetScopeToSelectedStoryNode (1.179ms)
Γû╢ TestPanelSubmitButtonDisplaysBehaviorSpecificIconWithHoverTooltip
  Γ£û test_submit_button_icon_and_submits_instructions (0.2782ms)
Γ£û TestPanelSubmitButtonDisplaysBehaviorSpecificIconWithHoverTooltip (0.4511ms)
Γ£ö Scenario nodes have draggable and story-node attributes (63.9297ms)
Γ£ö Scenario data-path has correct format for CLI commands (16.9938ms)
Γ£ö Scenarios with file links have data-file-link attribute (13.8387ms)
Γû╢ TestGetHelpThroughPanel
  Γ£û testInstructionsDisplayWhenNavigatingToAction (1.5685ms)
  Γ£û testHelpCommandReturnsInstructions (0.2686ms)
  Γ£û testCurrentCommandShowsState (0.3636ms)
Γ£û TestGetHelpThroughPanel (3.2292ms)
C:\dev\agile_bots\test\invoke_bot\navigate_behavior_actions\test_navigate_behavior_and_actions.js:16
P        return require('../../helpers/mock_vscode');
         ^^^^^^

SyntaxError: Unexpected token 'return'
    at wrapSafe (node:internal/modules/cjs/loader:1691:18)
    at Module._compile (node:internal/modules/cjs/loader:1734:20)
    at Object..js (node:internal/modules/cjs/loader:1893:10)
    at Module.load (node:internal/modules/cjs/loader:1480:32)
    at Module._load (node:internal/modules/cjs/loader:1299:12)
    at TracingChannel.traceSync (node:diagnostics_channel:328:14)
    at wrapModuleLoad (node:internal/modules/cjs/loader:244:24)
    at Module.executeUserEntryPoint [as runMain] (node:internal/modules/run_main:154:5)
    at node:internal/main/run_main_module:33:47

Node.js v24.9.0
Γ£û test\invoke_bot\navigate_behavior_actions\test_navigate_behavior_and_actions.js (58.5359ms)
Γû╢ TestDisplayBaseInstructions
  Γ£û test_panel_displays_base_instructions_when_action_has_instructions (0.8374ms)
Γ£û TestDisplayBaseInstructions (1.5677ms)
Γû╢ TestDisplayClarifyInstructions
  Γ£û test_panel_displays_clarify_instructions_when_action_is_clarify (0.2583ms)
Γ£û TestDisplayClarifyInstructions (0.4846ms)
Γû╢ TestDisplayStrategyInstructions
  Γ£û test_panel_displays_strategy_instructions_when_action_is_strategy (0.2704ms)
Γ£û TestDisplayStrategyInstructions (0.511ms)
Γû╢ TestInstructionsView
  Γ£û testInstructionsSectionRenders (1.0733ms)
  Γ£û testInstructionsAfterActionExecution (0.2854ms)
  Γ£û testInstructionsShowsSection (0.2605ms)
  Γ£û testInstructionsUpdatesOnNavigation (0.26ms)
  Γ£û testInstructionsForDifferentActions (0.2647ms)
Γ£û TestInstructionsView (2.6897ms)
Γä╣ tests 89
Γä╣ suites 0
Γä╣ pass 27
Γä╣ fail 62
Γä╣ cancelled 0
Γä╣ skipped 0
Γä╣ todo 0
Γä╣ duration_ms 3519.2459

Γ£û failing tests:

test at test\invoke_bot\edit_story_map\test_edit_story_nodes.js:550:13
Γ£û test_empty_subepic_can_create_both_types (156.3893ms)
  AssertionError [ERR_ASSERTION]: System should allow Story child type for empty SubEpic
      at TestContext.<anonymous> (C:\dev\agile_bots\test\invoke_bot\edit_story_map\test_edit_story_nodes.js:589:16)
      at process.processTicksAndRejections (node:internal/process/task_queues:105:5)
      at async Test.run (node:internal/test_runner/test:1113:7)
      at async TestContext.<anonymous> (C:\dev\agile_bots\test\invoke_bot\edit_story_map\test_edit_story_nodes.js:550:5)
      at async Test.run (node:internal/test_runner/test:1113:7)
      at async Test.processPendingSubtests (node:internal/test_runner/test:788:7) {
    generatedMessage: false,
    code: 'ERR_ASSERTION',
    actual: undefined,
    expected: true,
    operator: '==',
    diff: 'simple'
  }

test at test\invoke_bot\edit_story_map\test_edit_story_nodes.js:595:13
Γ£û test_subepic_with_subepics_can_only_create_subepics (77.3685ms)
  AssertionError [ERR_ASSERTION]: SubEpic should have SubEpic child
  
  2 !== 1
  
      at TestContext.<anonymous> (C:\dev\agile_bots\test\invoke_bot\edit_story_map\test_edit_story_nodes.js:625:16)
      at process.processTicksAndRejections (node:internal/process/task_queues:105:5)
      at async Test.run (node:internal/test_runner/test:1113:7)
      at async TestContext.<anonymous> (C:\dev\agile_bots\test\invoke_bot\edit_story_map\test_edit_story_nodes.js:595:5)
      at async Test.run (node:internal/test_runner/test:1113:7)
      at async Test.processPendingSubtests (node:internal/test_runner/test:788:7) {
    generatedMessage: false,
    code: 'ERR_ASSERTION',
    actual: 2,
    expected: 1,
    operator: 'strictEqual',
    diff: 'simple'
  }

test at test\invoke_bot\edit_story_map\test_edit_story_nodes.js:642:13
Γ£û test_subepic_with_stories_can_only_create_stories (80.6076ms)
  AssertionError [ERR_ASSERTION]: SubEpic should have Story child
      at TestContext.<anonymous> (C:\dev\agile_bots\test\invoke_bot\edit_story_map\test_edit_story_nodes.js:672:16)
      at process.processTicksAndRejections (node:internal/process/task_queues:105:5)
      at async Test.run (node:internal/test_runner/test:1113:7)
      at async TestContext.<anonymous> (C:\dev\agile_bots\test\invoke_bot\edit_story_map\test_edit_story_nodes.js:642:5)
      at async Test.run (node:internal/test_runner/test:1113:7)
      at async Test.processPendingSubtests (node:internal/test_runner/test:788:7) {
    generatedMessage: false,
    code: 'ERR_ASSERTION',
    actual: undefined,
    expected: true,
    operator: '==',
    diff: 'simple'
  }

test at test\invoke_bot\edit_story_map\test_edit_story_nodes.js:691:13
Γ£û test_story_can_create_scenario_children (73.9654ms)
  TypeError: Cannot read properties of undefined (reading 'find')
      at TestContext.<anonymous> (C:\dev\agile_bots\test\invoke_bot\edit_story_map\test_edit_story_nodes.js:721:37)
      at process.processTicksAndRejections (node:internal/process/task_queues:105:5)
      at async Test.run (node:internal/test_runner/test:1113:7)
      at async TestContext.<anonymous> (C:\dev\agile_bots\test\invoke_bot\edit_story_map\test_edit_story_nodes.js:691:5)
      at async Test.run (node:internal/test_runner/test:1113:7)
      at async Test.processPendingSubtests (node:internal/test_runner/test:788:7)

test at test\invoke_bot\edit_story_map\test_edit_story_nodes.js:744:13
Γ£û test_create_child_with_auto_generated_name (78.5451ms)
  AssertionError [ERR_ASSERTION]: Epic should have 2 SubEpics
  
  3 !== 2
  
      at TestContext.<anonymous> (C:\dev\agile_bots\test\invoke_bot\edit_story_map\test_edit_story_nodes.js:773:16)
      at process.processTicksAndRejections (node:internal/process/task_queues:105:5)
      at async Test.run (node:internal/test_runner/test:1113:7)
      at async TestContext.<anonymous> (C:\dev\agile_bots\test\invoke_bot\edit_story_map\test_edit_story_nodes.js:744:5)
      at async Test.run (node:internal/test_runner/test:1113:7)
      at async Test.processPendingSubtests (node:internal/test_runner/test:788:7) {
    generatedMessage: false,
    code: 'ERR_ASSERTION',
    actual: 3,
    expected: 2,
    operator: 'strictEqual',
    diff: 'simple'
  }

test at test\invoke_bot\edit_story_map\test_edit_story_nodes.js:855:13
Γ£û test_rename_node_updates_graph (74.9899ms)
  AssertionError [ERR_ASSERTION]: Should have sequential order
  
  1 !== 0
  
      at TestContext.<anonymous> (C:\dev\agile_bots\test\invoke_bot\edit_story_map\test_edit_story_nodes.js:883:16)
      at process.processTicksAndRejections (node:internal/process/task_queues:105:5)
      at async Test.run (node:internal/test_runner/test:1113:7)
      at async TestContext.<anonymous> (C:\dev\agile_bots\test\invoke_bot\edit_story_map\test_edit_story_nodes.js:855:5)
      at async Test.run (node:internal/test_runner/test:1113:7)
      at async Test.processPendingSubtests (node:internal/test_runner/test:788:7) {
    generatedMessage: false,
    code: 'ERR_ASSERTION',
    actual: 1,
    expected: 0,
    operator: 'strictEqual',
    diff: 'simple'
  }

test at test\invoke_bot\edit_story_map\test_edit_story_nodes.js:906:13
Γ£û test_user_renames_node_with_valid_name (157.1178ms)
  AssertionError [ERR_ASSERTION]: Old name should no longer exist
      at TestContext.<anonymous> (C:\dev\agile_bots\test\invoke_bot\edit_story_map\test_edit_story_nodes.js:946:16)
      at process.processTicksAndRejections (node:internal/process/task_queues:105:5)
      at async Test.run (node:internal/test_runner/test:1113:7)
      at async TestContext.<anonymous> (C:\dev\agile_bots\test\invoke_bot\edit_story_map\test_edit_story_nodes.js:906:5)
      at async Test.run (node:internal/test_runner/test:1113:7)
      at async Test.processPendingSubtests (node:internal/test_runner/test:788:7) {
    generatedMessage: false,
    code: 'ERR_ASSERTION',
    actual: false,
    expected: true,
    operator: '==',
    diff: 'simple'
  }

test at test\invoke_bot\edit_story_map\test_edit_story_nodes.js:1164:13
Γ£û test_move_node_to_different_parent (71.9412ms)
  AssertionError [ERR_ASSERTION]: Target should have 0 SubEpics
  
  1 !== 0
  
      at TestContext.<anonymous> (C:\dev\agile_bots\test\invoke_bot\edit_story_map\test_edit_story_nodes.js:1196:16)
      at process.processTicksAndRejections (node:internal/process/task_queues:105:5)
      at async Test.run (node:internal/test_runner/test:1113:7)
      at async TestContext.<anonymous> (C:\dev\agile_bots\test\invoke_bot\edit_story_map\test_edit_story_nodes.js:1164:5)
      at async Test.run (node:internal/test_runner/test:1113:7)
      at async Test.processPendingSubtests (node:internal/test_runner/test:788:7) {
    generatedMessage: false,
    code: 'ERR_ASSERTION',
    actual: 1,
    expected: 0,
    operator: 'strictEqual',
    diff: 'simple'
  }

test at test\invoke_bot\edit_story_map\test_edit_story_nodes.js:1274:13
Γ£û test_move_to_incompatible_parent_returns_error (78.1656ms)
  AssertionError [ERR_ASSERTION]: Target SubEpic should have Story children
      at TestContext.<anonymous> (C:\dev\agile_bots\test\invoke_bot\edit_story_map\test_edit_story_nodes.js:1313:16)
      at process.processTicksAndRejections (node:internal/process/task_queues:105:5)
      at async Test.run (node:internal/test_runner/test:1113:7)
      at async TestContext.<anonymous> (C:\dev\agile_bots\test\invoke_bot\edit_story_map\test_edit_story_nodes.js:1274:5)
      at async Test.run (node:internal/test_runner/test:1113:7)
      at async Test.processPendingSubtests (node:internal/test_runner/test:788:7) {
    generatedMessage: false,
    code: 'ERR_ASSERTION',
    actual: undefined,
    expected: true,
    operator: '==',
    diff: 'simple'
  }

test at test\invoke_bot\edit_story_map\test_edit_story_nodes.js:1472:13
Γ£û test_execute_action_on_story_node (62.4744ms)
  TypeError: Cannot read properties of undefined (reading 'find')
      at TestContext.<anonymous> (C:\dev\agile_bots\test\invoke_bot\edit_story_map\test_edit_story_nodes.js:1503:37)
      at process.processTicksAndRejections (node:internal/process/task_queues:105:5)
      at async Test.run (node:internal/test_runner/test:1113:7)
      at async TestContext.<anonymous> (C:\dev\agile_bots\test\invoke_bot\edit_story_map\test_edit_story_nodes.js:1472:5)
      at async Test.run (node:internal/test_runner/test:1113:7)
      at async Test.processPendingSubtests (node:internal/test_runner/test:788:7)

test at test\invoke_bot\edit_story_map\test_edit_story_nodes.js:1532:13
Γ£û test_user_clicks_action_button_and_executes (1.4601ms)
  AssertionError [ERR_ASSERTION]: Action result should be sent back to webview
      at TestContext.<anonymous> (C:\dev\agile_bots\test\invoke_bot\edit_story_map\test_edit_story_nodes.js:1560:16)
      at process.processTicksAndRejections (node:internal/process/task_queues:105:5)
      at async Test.run (node:internal/test_runner/test:1113:7)
      at async TestContext.<anonymous> (C:\dev\agile_bots\test\invoke_bot\edit_story_map\test_edit_story_nodes.js:1532:5)
      at async Test.run (node:internal/test_runner/test:1113:7)
      at async Test.processPendingSubtests (node:internal/test_runner/test:788:7) {
    generatedMessage: false,
    code: 'ERR_ASSERTION',
    actual: false,
    expected: true,
    operator: '==',
    diff: 'simple'
  }

test at test\invoke_bot\edit_story_map\test_edit_story_nodes.js:1574:13
Γ£û test_action_modifies_graph_and_returns_result (77.248ms)
  TypeError: Cannot read properties of undefined (reading 'find')
      at TestContext.<anonymous> (C:\dev\agile_bots\test\invoke_bot\edit_story_map\test_edit_story_nodes.js:1605:37)
      at process.processTicksAndRejections (node:internal/process/task_queues:105:5)
      at async Test.run (node:internal/test_runner/test:1113:7)
      at async TestContext.<anonymous> (C:\dev\agile_bots\test\invoke_bot\edit_story_map\test_edit_story_nodes.js:1574:5)
      at async Test.run (node:internal/test_runner/test:1113:7)
      at async Test.processPendingSubtests (node:internal/test_runner/test:788:7)

test at test\invoke_bot\edit_story_map\test_edit_story_nodes.js:1645:13
Γ£û test_external_file_modification_detected (142.0214ms)
  AssertionError [ERR_ASSERTION]: System should detect file modification and reload story graph from disk
      at TestContext.<anonymous> (C:\dev\agile_bots\test\invoke_bot\edit_story_map\test_edit_story_nodes.js:1677:16)
      at process.processTicksAndRejections (node:internal/process/task_queues:105:5)
      at async Test.run (node:internal/test_runner/test:1113:7)
      at async TestContext.<anonymous> (C:\dev\agile_bots\test\invoke_bot\edit_story_map\test_edit_story_nodes.js:1645:5)
      at async Test.run (node:internal/test_runner/test:1113:7)
      at async Test.processPendingSubtests (node:internal/test_runner/test:788:7) {
    generatedMessage: false,
    code: 'ERR_ASSERTION',
    actual: false,
    expected: true,
    operator: '==',
    diff: 'simple'
  }

test at test\invoke_bot\edit_story_map\test_edit_story_nodes.js:1683:13
Γ£û test_invalid_graph_structure_handled_gracefully (139.7568ms)
  AssertionError [ERR_ASSERTION]: Graph structure should remain valid with required properties
      at TestContext.<anonymous> (C:\dev\agile_bots\test\invoke_bot\edit_story_map\test_edit_story_nodes.js:1719:16)
      at process.processTicksAndRejections (node:internal/process/task_queues:105:5)
      at async Test.run (node:internal/test_runner/test:1113:7)
      at async TestContext.<anonymous> (C:\dev\agile_bots\test\invoke_bot\edit_story_map\test_edit_story_nodes.js:1683:5)
      at async Test.run (node:internal/test_runner/test:1113:7)
      at async Test.processPendingSubtests (node:internal/test_runner/test:788:7) {
    generatedMessage: false,
    code: 'ERR_ASSERTION',
    actual: false,
    expected: true,
    operator: '==',
    diff: 'simple'
  }

test at test\invoke_bot\edit_story_map\test_manage_story_scope.js:83:13
Γ£û test_panel_displays_scope_section (0.9973ms)
  Error: CLI script not found at: C:\Users\thoma\AppData\Local\Temp\agile-bots-scope-test-zl6FpK\src\cli\cli_main.py
      at PanelView._spawnProcess (C:\dev\agile_bots\src\panel\panel_view.js:60:19)
      at PanelView.execute (C:\dev\agile_bots\src\panel\panel_view.js:189:18)
      at TestContext.<anonymous> (C:\dev\agile_bots\test\invoke_bot\edit_story_map\test_manage_story_scope.js:85:37)
      at Test.runInAsyncScope (node:async_hooks:214:14)
      at Test.run (node:internal/test_runner/test:1106:25)
      at Test.start (node:internal/test_runner/test:1003:17)
      at TestContext.test (node:internal/test_runner/test:378:20)
      at TestContext.<anonymous> (C:\dev\agile_bots\test\invoke_bot\edit_story_map\test_manage_story_scope.js:83:13)
      at Test.runInAsyncScope (node:async_hooks:214:14)
      at Test.run (node:internal/test_runner/test:1106:25)

test at test\invoke_bot\edit_story_map\test_manage_story_scope.js:99:13
Γ£û test_scope_has_filter_input (1.3471ms)
  Error: CLI script not found at: C:\Users\thoma\AppData\Local\Temp\agile-bots-scope-test-zl6FpK\src\cli\cli_main.py
      at PanelView._spawnProcess (C:\dev\agile_bots\src\panel\panel_view.js:60:19)
      at PanelView.execute (C:\dev\agile_bots\src\panel\panel_view.js:189:18)
      at StoryMapView.execute (C:\dev\agile_bots\src\panel\panel_view.js:185:30)
      at StoryMapView.render (C:\dev\agile_bots\src\panel\story_map_view.js:109:64)
      at TestContext.<anonymous> (C:\dev\agile_bots\test\invoke_bot\edit_story_map\test_manage_story_scope.js:101:33)
      at Test.runInAsyncScope (node:async_hooks:214:14)
      at Test.run (node:internal/test_runner/test:1106:25)
      at Test.start (node:internal/test_runner/test:1003:17)
      at TestContext.test (node:internal/test_runner/test:378:20)
      at TestContext.<anonymous> (C:\dev\agile_bots\test\invoke_bot\edit_story_map\test_manage_story_scope.js:99:13)

test at test\invoke_bot\edit_story_map\test_manage_story_scope.js:110:13
Γ£û test_user_filters_scope_by_story_name (0.2401ms)
  Error: CLI script not found at: C:\Users\thoma\AppData\Local\Temp\agile-bots-scope-test-zl6FpK\src\cli\cli_main.py
      at PanelView._spawnProcess (C:\dev\agile_bots\src\panel\panel_view.js:60:19)
      at PanelView.execute (C:\dev\agile_bots\src\panel\panel_view.js:189:18)
      at TestContext.<anonymous> (C:\dev\agile_bots\test\invoke_bot\edit_story_map\test_manage_story_scope.js:112:19)
      at Test.runInAsyncScope (node:async_hooks:214:14)
      at Test.run (node:internal/test_runner/test:1106:25)
      at Test.start (node:internal/test_runner/test:1003:17)
      at TestContext.test (node:internal/test_runner/test:378:20)
      at TestContext.<anonymous> (C:\dev\agile_bots\test\invoke_bot\edit_story_map\test_manage_story_scope.js:110:13)
      at Test.runInAsyncScope (node:async_hooks:214:14)
      at Test.run (node:internal/test_runner/test:1106:25)

test at test\invoke_bot\edit_story_map\test_manage_story_scope.js:125:13
Γ£û test_user_clears_story_scope_filter (0.25ms)
  Error: CLI script not found at: C:\Users\thoma\AppData\Local\Temp\agile-bots-scope-test-zl6FpK\src\cli\cli_main.py
      at PanelView._spawnProcess (C:\dev\agile_bots\src\panel\panel_view.js:60:19)
      at PanelView.execute (C:\dev\agile_bots\src\panel\panel_view.js:189:18)
      at TestContext.<anonymous> (C:\dev\agile_bots\test\invoke_bot\edit_story_map\test_manage_story_scope.js:127:19)
      at Test.runInAsyncScope (node:async_hooks:214:14)
      at Test.run (node:internal/test_runner/test:1106:25)
      at Test.start (node:internal/test_runner/test:1003:17)
      at TestContext.test (node:internal/test_runner/test:378:20)
      at TestContext.<anonymous> (C:\dev\agile_bots\test\invoke_bot\edit_story_map\test_manage_story_scope.js:125:13)
      at async Test.run (node:internal/test_runner/test:1113:7)
      at async Test.processPendingSubtests (node:internal/test_runner/test:788:7)

test at test\invoke_bot\edit_story_map\test_manage_story_scope.js:142:13
Γ£û test_user_clicks_show_all_to_clear_filter (1.1229ms)
  Error: CLI script not found at: C:\Users\thoma\AppData\Local\Temp\agile-bots-scope-test-zl6FpK\src\cli\cli_main.py
      at PanelView._spawnProcess (C:\dev\agile_bots\src\panel\panel_view.js:60:19)
      at PanelView.execute (C:\dev\agile_bots\src\panel\panel_view.js:189:18)
      at TestContext.<anonymous> (C:\dev\agile_bots\test\invoke_bot\edit_story_map\test_manage_story_scope.js:144:19)
      at Test.runInAsyncScope (node:async_hooks:214:14)
      at Test.run (node:internal/test_runner/test:1106:25)
      at Test.start (node:internal/test_runner/test:1003:17)
      at TestContext.test (node:internal/test_runner/test:378:20)
      at TestContext.<anonymous> (C:\dev\agile_bots\test\invoke_bot\edit_story_map\test_manage_story_scope.js:142:13)
      at Test.runInAsyncScope (node:async_hooks:214:14)
      at Test.run (node:internal/test_runner/test:1106:25)

test at test\invoke_bot\edit_story_map\test_manage_story_scope.js:157:13
Γ£û test_story_graph_and_story_map_links_visible (0.3035ms)
  Error: CLI script not found at: C:\Users\thoma\AppData\Local\Temp\agile-bots-scope-test-zl6FpK\src\cli\cli_main.py
      at PanelView._spawnProcess (C:\dev\agile_bots\src\panel\panel_view.js:60:19)
      at PanelView.execute (C:\dev\agile_bots\src\panel\panel_view.js:189:18)
      at StoryMapView.execute (C:\dev\agile_bots\src\panel\panel_view.js:185:30)
      at StoryMapView.render (C:\dev\agile_bots\src\panel\story_map_view.js:109:64)
      at TestContext.<anonymous> (C:\dev\agile_bots\test\invoke_bot\edit_story_map\test_manage_story_scope.js:159:33)
      at Test.runInAsyncScope (node:async_hooks:214:14)
      at Test.run (node:internal/test_runner/test:1106:25)
      at Test.start (node:internal/test_runner/test:1003:17)
      at TestContext.test (node:internal/test_runner/test:378:20)
      at TestContext.<anonymous> (C:\dev\agile_bots\test\invoke_bot\edit_story_map\test_manage_story_scope.js:157:13)

test at test\invoke_bot\edit_story_map\test_manage_story_scope.js:169:13
Γ£û testScopeSectionRenders (0.2306ms)
  Error: CLI script not found at: C:\Users\thoma\AppData\Local\Temp\agile-bots-scope-test-zl6FpK\src\cli\cli_main.py
      at PanelView._spawnProcess (C:\dev\agile_bots\src\panel\panel_view.js:60:19)
      at PanelView.execute (C:\dev\agile_bots\src\panel\panel_view.js:189:18)
      at StoryMapView.execute (C:\dev\agile_bots\src\panel\panel_view.js:185:30)
      at StoryMapView.render (C:\dev\agile_bots\src\panel\story_map_view.js:109:64)
      at TestContext.<anonymous> (C:\dev\agile_bots\test\invoke_bot\edit_story_map\test_manage_story_scope.js:171:33)
      at Test.runInAsyncScope (node:async_hooks:214:14)
      at Test.run (node:internal/test_runner/test:1106:25)
      at Test.start (node:internal/test_runner/test:1003:17)
      at TestContext.test (node:internal/test_runner/test:378:20)
      at TestContext.<anonymous> (C:\dev\agile_bots\test\invoke_bot\edit_story_map\test_manage_story_scope.js:169:13)

test at test\invoke_bot\edit_story_map\test_manage_story_scope.js:177:13
Γ£û testScopeHasFilterInput (0.2813ms)
  Error: CLI script not found at: C:\Users\thoma\AppData\Local\Temp\agile-bots-scope-test-zl6FpK\src\cli\cli_main.py
      at PanelView._spawnProcess (C:\dev\agile_bots\src\panel\panel_view.js:60:19)
      at PanelView.execute (C:\dev\agile_bots\src\panel\panel_view.js:189:18)
      at StoryMapView.execute (C:\dev\agile_bots\src\panel\panel_view.js:185:30)
      at StoryMapView.render (C:\dev\agile_bots\src\panel\story_map_view.js:109:64)
      at TestContext.<anonymous> (C:\dev\agile_bots\test\invoke_bot\edit_story_map\test_manage_story_scope.js:179:33)
      at Test.runInAsyncScope (node:async_hooks:214:14)
      at Test.run (node:internal/test_runner/test:1106:25)
      at Test.start (node:internal/test_runner/test:1003:17)
      at TestContext.test (node:internal/test_runner/test:378:20)
      at TestContext.<anonymous> (C:\dev\agile_bots\test\invoke_bot\edit_story_map\test_manage_story_scope.js:177:13)

test at test\invoke_bot\edit_story_map\test_manage_story_scope.js:184:13
Γ£û testScopeHasHeader (0.3121ms)
  Error: CLI script not found at: C:\Users\thoma\AppData\Local\Temp\agile-bots-scope-test-zl6FpK\src\cli\cli_main.py
      at PanelView._spawnProcess (C:\dev\agile_bots\src\panel\panel_view.js:60:19)
      at PanelView.execute (C:\dev\agile_bots\src\panel\panel_view.js:189:18)
      at StoryMapView.execute (C:\dev\agile_bots\src\panel\panel_view.js:185:30)
      at StoryMapView.render (C:\dev\agile_bots\src\panel\story_map_view.js:109:64)
      at TestContext.<anonymous> (C:\dev\agile_bots\test\invoke_bot\edit_story_map\test_manage_story_scope.js:186:33)
      at Test.runInAsyncScope (node:async_hooks:214:14)
      at Test.run (node:internal/test_runner/test:1106:25)
      at Test.start (node:internal/test_runner/test:1003:17)
      at TestContext.test (node:internal/test_runner/test:378:20)
      at TestContext.<anonymous> (C:\dev\agile_bots\test\invoke_bot\edit_story_map\test_manage_story_scope.js:184:13)

test at test\invoke_bot\edit_story_map\test_manage_story_scope.js:191:13
Γ£û testScopeFilterCommand (0.2146ms)
  Error: CLI script not found at: C:\Users\thoma\AppData\Local\Temp\agile-bots-scope-test-zl6FpK\src\cli\cli_main.py
      at PanelView._spawnProcess (C:\dev\agile_bots\src\panel\panel_view.js:60:19)
      at PanelView.execute (C:\dev\agile_bots\src\panel\panel_view.js:189:18)
      at TestContext.<anonymous> (C:\dev\agile_bots\test\invoke_bot\edit_story_map\test_manage_story_scope.js:193:19)
      at Test.runInAsyncScope (node:async_hooks:214:14)
      at Test.run (node:internal/test_runner/test:1106:25)
      at Test.start (node:internal/test_runner/test:1003:17)
      at TestContext.test (node:internal/test_runner/test:378:20)
      at TestContext.<anonymous> (C:\dev\agile_bots\test\invoke_bot\edit_story_map\test_manage_story_scope.js:191:13)
      at async Test.run (node:internal/test_runner/test:1113:7)
      at async Test.processPendingSubtests (node:internal/test_runner/test:788:7)

test at test\invoke_bot\edit_story_map\test_manage_story_scope.js:205:13
Γ£û testScopeClearFilter (0.1841ms)
  Error: CLI script not found at: C:\Users\thoma\AppData\Local\Temp\agile-bots-scope-test-zl6FpK\src\cli\cli_main.py
      at PanelView._spawnProcess (C:\dev\agile_bots\src\panel\panel_view.js:60:19)
      at PanelView.execute (C:\dev\agile_bots\src\panel\panel_view.js:189:18)
      at TestContext.<anonymous> (C:\dev\agile_bots\test\invoke_bot\edit_story_map\test_manage_story_scope.js:207:19)
      at Test.runInAsyncScope (node:async_hooks:214:14)
      at Test.run (node:internal/test_runner/test:1106:25)
      at Test.start (node:internal/test_runner/test:1003:17)
      at TestContext.test (node:internal/test_runner/test:378:20)
      at TestContext.<anonymous> (C:\dev\agile_bots\test\invoke_bot\edit_story_map\test_manage_story_scope.js:205:13)
      at async Test.run (node:internal/test_runner/test:1113:7)
      at async Test.processPendingSubtests (node:internal/test_runner/test:788:7)

test at test\invoke_bot\edit_story_map\test_manage_story_scope.js:217:13
Γ£û testScopeShowAll (0.1729ms)
  Error: CLI script not found at: C:\Users\thoma\AppData\Local\Temp\agile-bots-scope-test-zl6FpK\src\cli\cli_main.py
      at PanelView._spawnProcess (C:\dev\agile_bots\src\panel\panel_view.js:60:19)
      at PanelView.execute (C:\dev\agile_bots\src\panel\panel_view.js:189:18)
      at TestContext.<anonymous> (C:\dev\agile_bots\test\invoke_bot\edit_story_map\test_manage_story_scope.js:219:19)
      at Test.runInAsyncScope (node:async_hooks:214:14)
      at Test.run (node:internal/test_runner/test:1106:25)
      at Test.start (node:internal/test_runner/test:1003:17)
      at TestContext.test (node:internal/test_runner/test:378:20)
      at TestContext.<anonymous> (C:\dev\agile_bots\test\invoke_bot\edit_story_map\test_manage_story_scope.js:217:13)
      at async Test.run (node:internal/test_runner/test:1113:7)
      at async Test.processPendingSubtests (node:internal/test_runner/test:788:7)

test at test\invoke_bot\edit_story_map\test_manage_story_scope.js:227:13
Γ£û testScopeContentStructure (0.173ms)
  Error: CLI script not found at: C:\Users\thoma\AppData\Local\Temp\agile-bots-scope-test-zl6FpK\src\cli\cli_main.py
      at PanelView._spawnProcess (C:\dev\agile_bots\src\panel\panel_view.js:60:19)
      at PanelView.execute (C:\dev\agile_bots\src\panel\panel_view.js:189:18)
      at StoryMapView.execute (C:\dev\agile_bots\src\panel\panel_view.js:185:30)
      at StoryMapView.render (C:\dev\agile_bots\src\panel\story_map_view.js:109:64)
      at TestContext.<anonymous> (C:\dev\agile_bots\test\invoke_bot\edit_story_map\test_manage_story_scope.js:229:33)
      at Test.runInAsyncScope (node:async_hooks:214:14)
      at Test.run (node:internal/test_runner/test:1106:25)
      at Test.start (node:internal/test_runner/test:1003:17)
      at TestContext.test (node:internal/test_runner/test:378:20)
      at TestContext.<anonymous> (C:\dev\agile_bots\test\invoke_bot\edit_story_map\test_manage_story_scope.js:227:13)

test at test\invoke_bot\edit_story_map\test_manage_story_scope.js:236:13
Γ£û testStoryLinksPresent (0.1711ms)
  Error: CLI script not found at: C:\Users\thoma\AppData\Local\Temp\agile-bots-scope-test-zl6FpK\src\cli\cli_main.py
      at PanelView._spawnProcess (C:\dev\agile_bots\src\panel\panel_view.js:60:19)
      at PanelView.execute (C:\dev\agile_bots\src\panel\panel_view.js:189:18)
      at StoryMapView.execute (C:\dev\agile_bots\src\panel\panel_view.js:185:30)
      at StoryMapView.render (C:\dev\agile_bots\src\panel\story_map_view.js:109:64)
      at TestContext.<anonymous> (C:\dev\agile_bots\test\invoke_bot\edit_story_map\test_manage_story_scope.js:238:33)
      at Test.runInAsyncScope (node:async_hooks:214:14)
      at Test.run (node:internal/test_runner/test:1106:25)
      at Test.start (node:internal/test_runner/test:1003:17)
      at TestContext.test (node:internal/test_runner/test:378:20)
      at TestContext.<anonymous> (C:\dev\agile_bots\test\invoke_bot\edit_story_map\test_manage_story_scope.js:236:13)

test at test\invoke_bot\edit_story_map\test_manage_story_scope.js:258:13
Γ£û test_user_sets_scope_to_selected_epic (0.1686ms)
  Error: CLI script not found at: C:\Users\thoma\AppData\Local\Temp\agile-bots-scope-test-zl6FpK\src\cli\cli_main.py
      at PanelView._spawnProcess (C:\dev\agile_bots\src\panel\panel_view.js:60:19)
      at PanelView.execute (C:\dev\agile_bots\src\panel\panel_view.js:189:18)
      at TestContext.<anonymous> (C:\dev\agile_bots\test\invoke_bot\edit_story_map\test_manage_story_scope.js:272:19)
      at Test.runInAsyncScope (node:async_hooks:214:14)
      at Test.run (node:internal/test_runner/test:1106:25)
      at Test.start (node:internal/test_runner/test:1003:17)
      at TestContext.test (node:internal/test_runner/test:378:20)
      at TestContext.<anonymous> (C:\dev\agile_bots\test\invoke_bot\edit_story_map\test_manage_story_scope.js:258:13)
      at Test.runInAsyncScope (node:async_hooks:214:14)
      at Test.run (node:internal/test_runner/test:1106:25)

test at test\invoke_bot\edit_story_map\test_manage_story_scope.js:287:13
Γ£û test_user_sets_scope_to_selected_sub_epic (0.1408ms)
  Error: CLI script not found at: C:\Users\thoma\AppData\Local\Temp\agile-bots-scope-test-zl6FpK\src\cli\cli_main.py
      at PanelView._spawnProcess (C:\dev\agile_bots\src\panel\panel_view.js:60:19)
      at PanelView.execute (C:\dev\agile_bots\src\panel\panel_view.js:189:18)
      at TestContext.<anonymous> (C:\dev\agile_bots\test\invoke_bot\edit_story_map\test_manage_story_scope.js:301:19)
      at Test.runInAsyncScope (node:async_hooks:214:14)
      at Test.run (node:internal/test_runner/test:1106:25)
      at Test.start (node:internal/test_runner/test:1003:17)
      at TestContext.test (node:internal/test_runner/test:378:20)
      at TestContext.<anonymous> (C:\dev\agile_bots\test\invoke_bot\edit_story_map\test_manage_story_scope.js:287:13)
      at async Test.run (node:internal/test_runner/test:1113:7)
      at async Test.processPendingSubtests (node:internal/test_runner/test:788:7)

test at test\invoke_bot\edit_story_map\test_manage_story_scope.js:312:13
Γ£û test_user_sets_scope_to_selected_story (0.13ms)
  Error: CLI script not found at: C:\Users\thoma\AppData\Local\Temp\agile-bots-scope-test-zl6FpK\src\cli\cli_main.py
      at PanelView._spawnProcess (C:\dev\agile_bots\src\panel\panel_view.js:60:19)
      at PanelView.execute (C:\dev\agile_bots\src\panel\panel_view.js:189:18)
      at TestContext.<anonymous> (C:\dev\agile_bots\test\invoke_bot\edit_story_map\test_manage_story_scope.js:326:19)
      at Test.runInAsyncScope (node:async_hooks:214:14)
      at Test.run (node:internal/test_runner/test:1106:25)
      at Test.start (node:internal/test_runner/test:1003:17)
      at TestContext.test (node:internal/test_runner/test:378:20)
      at TestContext.<anonymous> (C:\dev\agile_bots\test\invoke_bot\edit_story_map\test_manage_story_scope.js:312:13)
      at async Test.run (node:internal/test_runner/test:1113:7)
      at async Test.processPendingSubtests (node:internal/test_runner/test:788:7)

test at test\invoke_bot\edit_story_map\test_manage_story_scope.js:337:13
Γ£û test_user_attempts_to_set_scope_without_selecting_node (0.134ms)
  Error: CLI script not found at: C:\Users\thoma\AppData\Local\Temp\agile-bots-scope-test-zl6FpK\src\cli\cli_main.py
      at PanelView._spawnProcess (C:\dev\agile_bots\src\panel\panel_view.js:60:19)
      at PanelView.execute (C:\dev\agile_bots\src\panel\panel_view.js:189:18)
      at StoryMapView.execute (C:\dev\agile_bots\src\panel\panel_view.js:185:30)
      at StoryMapView.render (C:\dev\agile_bots\src\panel\story_map_view.js:109:64)
      at TestContext.<anonymous> (C:\dev\agile_bots\test\invoke_bot\edit_story_map\test_manage_story_scope.js:351:33)
      at Test.runInAsyncScope (node:async_hooks:214:14)
      at Test.run (node:internal/test_runner/test:1106:25)
      at Test.start (node:internal/test_runner/test:1003:17)
      at TestContext.test (node:internal/test_runner/test:378:20)
      at TestContext.<anonymous> (C:\dev\agile_bots\test\invoke_bot\edit_story_map\test_manage_story_scope.js:337:13)

test at test\invoke_bot\edit_story_map\test_manage_story_scope.js:256:1
Γ£û TestSetScopeToSelectedStoryNode (1.179ms)
  Error: CLI script not found at: C:\Users\thoma\AppData\Local\Temp\agile-bots-scope-test-zl6FpK\src\cli\cli_main.py
      at PanelView._spawnProcess (C:\dev\agile_bots\src\panel\panel_view.js:60:19)
      at PanelView.execute (C:\dev\agile_bots\src\panel\panel_view.js:189:18)
      at TestContext.<anonymous> (C:\dev\agile_bots\test\invoke_bot\edit_story_map\test_manage_story_scope.js:363:19)
      at TestHook.runInAsyncScope (node:async_hooks:214:14)
      at TestHook.run (node:internal/test_runner/test:1106:25)
      at TestHook.run (node:internal/test_runner/test:1427:18)
      at TestHook.run (node:internal/util:583:20)
      at Test.runHook (node:internal/test_runner/test:1024:20)
      at after (node:internal/test_runner/test:1064:20)
      at Test.run (node:internal/test_runner/test:1132:13)

test at test\invoke_bot\edit_story_map\test_manage_story_scope.js:375:13
Γ£û test_submit_button_icon_and_submits_instructions (0.2782ms)
  Error: CLI script not found at: C:\Users\thoma\AppData\Local\Temp\agile-bots-scope-test-zl6FpK\src\cli\cli_main.py
      at PanelView._spawnProcess (C:\dev\agile_bots\src\panel\panel_view.js:60:19)
      at PanelView.execute (C:\dev\agile_bots\src\panel\panel_view.js:189:18)
      at StoryMapView.execute (C:\dev\agile_bots\src\panel\panel_view.js:185:30)
      at StoryMapView.render (C:\dev\agile_bots\src\panel\story_map_view.js:109:64)
      at TestContext.<anonymous> (C:\dev\agile_bots\test\invoke_bot\edit_story_map\test_manage_story_scope.js:405:33)
      at Test.runInAsyncScope (node:async_hooks:214:14)
      at Test.run (node:internal/test_runner/test:1106:25)
      at Test.start (node:internal/test_runner/test:1003:17)
      at TestContext.test (node:internal/test_runner/test:378:20)
      at TestContext.<anonymous> (C:\dev\agile_bots\test\invoke_bot\edit_story_map\test_manage_story_scope.js:375:13)

test at test\invoke_bot\get_help\test_get_help.js:68:13
Γ£û testInstructionsDisplayWhenNavigatingToAction (1.5685ms)
  Error: CLI script not found at: C:\Users\thoma\AppData\Local\Temp\agile-bots-help-test-6WYLWx\src\cli\cli_main.py
      at PanelView._spawnProcess (C:\dev\agile_bots\src\panel\panel_view.js:60:19)
      at PanelView.execute (C:\dev\agile_bots\src\panel\panel_view.js:189:18)
      at TestContext.<anonymous> (C:\dev\agile_bots\test\invoke_bot\get_help\test_get_help.js:69:19)
      at Test.runInAsyncScope (node:async_hooks:214:14)
      at Test.run (node:internal/test_runner/test:1106:25)
      at Test.start (node:internal/test_runner/test:1003:17)
      at TestContext.test (node:internal/test_runner/test:378:20)
      at TestContext.<anonymous> (C:\dev\agile_bots\test\invoke_bot\get_help\test_get_help.js:68:13)
      at Test.runInAsyncScope (node:async_hooks:214:14)
      at Test.run (node:internal/test_runner/test:1106:25)

test at test\invoke_bot\get_help\test_get_help.js:78:13
Γ£û testHelpCommandReturnsInstructions (0.2686ms)
  Error: CLI script not found at: C:\Users\thoma\AppData\Local\Temp\agile-bots-help-test-6WYLWx\src\cli\cli_main.py
      at PanelView._spawnProcess (C:\dev\agile_bots\src\panel\panel_view.js:60:19)
      at PanelView.execute (C:\dev\agile_bots\src\panel\panel_view.js:189:18)
      at TestContext.<anonymous> (C:\dev\agile_bots\test\invoke_bot\get_help\test_get_help.js:79:36)
      at Test.runInAsyncScope (node:async_hooks:214:14)
      at Test.run (node:internal/test_runner/test:1106:25)
      at Test.start (node:internal/test_runner/test:1003:17)
      at TestContext.test (node:internal/test_runner/test:378:20)
      at TestContext.<anonymous> (C:\dev\agile_bots\test\invoke_bot\get_help\test_get_help.js:78:13)
      at async Test.run (node:internal/test_runner/test:1113:7)
      at async startSubtestAfterBootstrap (node:internal/test_runner/harness:358:3)

test at test\invoke_bot\get_help\test_get_help.js:84:13
Γ£û testCurrentCommandShowsState (0.3636ms)
  Error: CLI script not found at: C:\Users\thoma\AppData\Local\Temp\agile-bots-help-test-6WYLWx\src\cli\cli_main.py
      at PanelView._spawnProcess (C:\dev\agile_bots\src\panel\panel_view.js:60:19)
      at PanelView.execute (C:\dev\agile_bots\src\panel\panel_view.js:189:18)
      at TestContext.<anonymous> (C:\dev\agile_bots\test\invoke_bot\get_help\test_get_help.js:85:19)
      at Test.runInAsyncScope (node:async_hooks:214:14)
      at Test.run (node:internal/test_runner/test:1106:25)
      at Test.start (node:internal/test_runner/test:1003:17)
      at TestContext.test (node:internal/test_runner/test:378:20)
      at TestContext.<anonymous> (C:\dev\agile_bots\test\invoke_bot\get_help\test_get_help.js:84:13)
      at async Test.run (node:internal/test_runner/test:1113:7)
      at async startSubtestAfterBootstrap (node:internal/test_runner/harness:358:3)

test at test\invoke_bot\navigate_behavior_actions\test_navigate_behavior_and_actions.js:1:1
Γ£û test\invoke_bot\navigate_behavior_actions\test_navigate_behavior_and_actions.js (58.5359ms)
  'test failed'

test at test\invoke_bot\perform_action\test_prepare_common_instructions_for_behavior_action_and_scope.js:77:13
Γ£û test_panel_displays_base_instructions_when_action_has_instructions (0.8374ms)
  Error: CLI script not found at: C:\Users\thoma\AppData\Local\Temp\agile-bots-instructions-test-Qc4NUG\src\cli\cli_main.py
      at PanelView._spawnProcess (C:\dev\agile_bots\src\panel\panel_view.js:60:19)
      at PanelView.execute (C:\dev\agile_bots\src\panel\panel_view.js:189:18)
      at TestContext.<anonymous> (C:\dev\agile_bots\test\invoke_bot\perform_action\test_prepare_common_instructions_for_behavior_action_and_scope.js:79:36)
      at Test.runInAsyncScope (node:async_hooks:214:14)
      at Test.run (node:internal/test_runner/test:1106:25)
      at Test.start (node:internal/test_runner/test:1003:17)
      at TestContext.test (node:internal/test_runner/test:378:20)
      at TestContext.<anonymous> (C:\dev\agile_bots\test\invoke_bot\perform_action\test_prepare_common_instructions_for_behavior_action_and_scope.js:77:13)
      at Test.runInAsyncScope (node:async_hooks:214:14)
      at Test.run (node:internal/test_runner/test:1106:25)

test at test\invoke_bot\perform_action\test_prepare_common_instructions_for_behavior_action_and_scope.js:94:13
Γ£û test_panel_displays_clarify_instructions_when_action_is_clarify (0.2583ms)
  Error: CLI script not found at: C:\Users\thoma\AppData\Local\Temp\agile-bots-instructions-test-Qc4NUG\src\cli\cli_main.py
      at PanelView._spawnProcess (C:\dev\agile_bots\src\panel\panel_view.js:60:19)
      at PanelView.execute (C:\dev\agile_bots\src\panel\panel_view.js:189:18)
      at TestContext.<anonymous> (C:\dev\agile_bots\test\invoke_bot\perform_action\test_prepare_common_instructions_for_behavior_action_and_scope.js:96:34)
      at Test.runInAsyncScope (node:async_hooks:214:14)
      at Test.run (node:internal/test_runner/test:1106:25)
      at Test.start (node:internal/test_runner/test:1003:17)
      at TestContext.test (node:internal/test_runner/test:378:20)
      at TestContext.<anonymous> (C:\dev\agile_bots\test\invoke_bot\perform_action\test_prepare_common_instructions_for_behavior_action_and_scope.js:94:13)
      at Test.runInAsyncScope (node:async_hooks:214:14)
      at Test.run (node:internal/test_runner/test:1106:25)

test at test\invoke_bot\perform_action\test_prepare_common_instructions_for_behavior_action_and_scope.js:109:13
Γ£û test_panel_displays_strategy_instructions_when_action_is_strategy (0.2704ms)
  Error: CLI script not found at: C:\Users\thoma\AppData\Local\Temp\agile-bots-instructions-test-Qc4NUG\src\cli\cli_main.py
      at PanelView._spawnProcess (C:\dev\agile_bots\src\panel\panel_view.js:60:19)
      at PanelView.execute (C:\dev\agile_bots\src\panel\panel_view.js:189:18)
      at TestContext.<anonymous> (C:\dev\agile_bots\test\invoke_bot\perform_action\test_prepare_common_instructions_for_behavior_action_and_scope.js:111:34)
      at Test.runInAsyncScope (node:async_hooks:214:14)
      at Test.run (node:internal/test_runner/test:1106:25)
      at Test.start (node:internal/test_runner/test:1003:17)
      at TestContext.test (node:internal/test_runner/test:378:20)
      at TestContext.<anonymous> (C:\dev\agile_bots\test\invoke_bot\perform_action\test_prepare_common_instructions_for_behavior_action_and_scope.js:109:13)
      at Test.runInAsyncScope (node:async_hooks:214:14)
      at Test.run (node:internal/test_runner/test:1106:25)

test at test\invoke_bot\perform_action\test_prepare_common_instructions_for_behavior_action_and_scope.js:141:13
Γ£û testInstructionsSectionRenders (1.0733ms)
  Error: CLI script not found at: C:\Users\thoma\AppData\Local\Temp\agile-bots-instructions-test-Qc4NUG\src\cli\cli_main.py
      at PanelView._spawnProcess (C:\dev\agile_bots\src\panel\panel_view.js:60:19)
      at PanelView.execute (C:\dev\agile_bots\src\panel\panel_view.js:189:18)
      at InstructionsSection.execute (C:\dev\agile_bots\src\panel\panel_view.js:185:30)
      at InstructionsSection.render (C:\dev\agile_bots\src\panel\instructions_view.js:83:68)
      at TestContext.<anonymous> (C:\dev\agile_bots\test\invoke_bot\perform_action\test_prepare_common_instructions_for_behavior_action_and_scope.js:143:33)
      at Test.runInAsyncScope (node:async_hooks:214:14)
      at Test.run (node:internal/test_runner/test:1106:25)
      at Test.start (node:internal/test_runner/test:1003:17)
      at TestContext.test (node:internal/test_runner/test:378:20)
      at TestContext.<anonymous> (C:\dev\agile_bots\test\invoke_bot\perform_action\test_prepare_common_instructions_for_behavior_action_and_scope.js:141:13)

test at test\invoke_bot\perform_action\test_prepare_common_instructions_for_behavior_action_and_scope.js:148:13
Γ£û testInstructionsAfterActionExecution (0.2854ms)
  Error: CLI script not found at: C:\Users\thoma\AppData\Local\Temp\agile-bots-instructions-test-Qc4NUG\src\cli\cli_main.py
      at PanelView._spawnProcess (C:\dev\agile_bots\src\panel\panel_view.js:60:19)
      at PanelView.execute (C:\dev\agile_bots\src\panel\panel_view.js:189:18)
      at TestContext.<anonymous> (C:\dev\agile_bots\test\invoke_bot\perform_action\test_prepare_common_instructions_for_behavior_action_and_scope.js:150:36)
      at Test.runInAsyncScope (node:async_hooks:214:14)
      at Test.run (node:internal/test_runner/test:1106:25)
      at Test.start (node:internal/test_runner/test:1003:17)
      at TestContext.test (node:internal/test_runner/test:378:20)
      at TestContext.<anonymous> (C:\dev\agile_bots\test\invoke_bot\perform_action\test_prepare_common_instructions_for_behavior_action_and_scope.js:148:13)
      at async Test.run (node:internal/test_runner/test:1113:7)
      at async Test.processPendingSubtests (node:internal/test_runner/test:788:7)

test at test\invoke_bot\perform_action\test_prepare_common_instructions_for_behavior_action_and_scope.js:162:13
Γ£û testInstructionsShowsSection (0.2605ms)
  Error: CLI script not found at: C:\Users\thoma\AppData\Local\Temp\agile-bots-instructions-test-Qc4NUG\src\cli\cli_main.py
      at PanelView._spawnProcess (C:\dev\agile_bots\src\panel\panel_view.js:60:19)
      at PanelView.execute (C:\dev\agile_bots\src\panel\panel_view.js:189:18)
      at TestContext.<anonymous> (C:\dev\agile_bots\test\invoke_bot\perform_action\test_prepare_common_instructions_for_behavior_action_and_scope.js:164:19)
      at Test.runInAsyncScope (node:async_hooks:214:14)
      at Test.run (node:internal/test_runner/test:1106:25)
      at Test.start (node:internal/test_runner/test:1003:17)
      at TestContext.test (node:internal/test_runner/test:378:20)
      at TestContext.<anonymous> (C:\dev\agile_bots\test\invoke_bot\perform_action\test_prepare_common_instructions_for_behavior_action_and_scope.js:162:13)
      at async Test.run (node:internal/test_runner/test:1113:7)
      at async Test.processPendingSubtests (node:internal/test_runner/test:788:7)

test at test\invoke_bot\perform_action\test_prepare_common_instructions_for_behavior_action_and_scope.js:191:13
Γ£û testInstructionsUpdatesOnNavigation (0.26ms)
  Error: CLI script not found at: C:\Users\thoma\AppData\Local\Temp\agile-bots-instructions-test-Qc4NUG\src\cli\cli_main.py
      at PanelView._spawnProcess (C:\dev\agile_bots\src\panel\panel_view.js:60:19)
      at PanelView.execute (C:\dev\agile_bots\src\panel\panel_view.js:189:18)
      at TestContext.<anonymous> (C:\dev\agile_bots\test\invoke_bot\perform_action\test_prepare_common_instructions_for_behavior_action_and_scope.js:193:19)
      at Test.runInAsyncScope (node:async_hooks:214:14)
      at Test.run (node:internal/test_runner/test:1106:25)
      at Test.start (node:internal/test_runner/test:1003:17)
      at TestContext.test (node:internal/test_runner/test:378:20)
      at TestContext.<anonymous> (C:\dev\agile_bots\test\invoke_bot\perform_action\test_prepare_common_instructions_for_behavior_action_and_scope.js:191:13)
      at async Test.run (node:internal/test_runner/test:1113:7)
      at async Test.processPendingSubtests (node:internal/test_runner/test:788:7)

test at test\invoke_bot\perform_action\test_prepare_common_instructions_for_behavior_action_and_scope.js:207:13
Γ£û testInstructionsForDifferentActions (0.2647ms)
  Error: CLI script not found at: C:\Users\thoma\AppData\Local\Temp\agile-bots-instructions-test-Qc4NUG\src\cli\cli_main.py
      at PanelView._spawnProcess (C:\dev\agile_bots\src\panel\panel_view.js:60:19)
      at PanelView.execute (C:\dev\agile_bots\src\panel\panel_view.js:189:18)
      at TestContext.<anonymous> (C:\dev\agile_bots\test\invoke_bot\perform_action\test_prepare_common_instructions_for_behavior_action_and_scope.js:209:19)
      at Test.runInAsyncScope (node:async_hooks:214:14)
      at Test.run (node:internal/test_runner/test:1106:25)
      at Test.start (node:internal/test_runner/test:1003:17)
      at TestContext.test (node:internal/test_runner/test:378:20)
      at TestContext.<anonymous> (C:\dev\agile_bots\test\invoke_bot\perform_action\test_prepare_common_instructions_for_behavior_action_and_scope.js:207:13)
      at async Test.run (node:internal/test_runner/test:1113:7)
      at async Test.processPendingSubtests (node:internal/test_runner/test:788:7)
